Archive member included to satisfy reference by file (symbol)

c:/program files (x86)/gnu arm embedded toolchain/10 2021.10/bin/../lib/gcc/arm-none-eabi/10.3.1/thumb/v8-m.base/nofp\libgcc.a(_clzsi2.o)
                              ./ra/fsp/src/r_adc/r_adc.o (__clzsi2)
c:/program files (x86)/gnu arm embedded toolchain/10 2021.10/bin/../lib/gcc/arm-none-eabi/10.3.1/thumb/v8-m.base/nofp\libgcc.a(_aeabi_ldivmod.o)
                              ./ra/fsp/src/r_sci_uart/r_sci_uart.o (__aeabi_ldivmod)
c:/program files (x86)/gnu arm embedded toolchain/10 2021.10/bin/../lib/gcc/arm-none-eabi/10.3.1/thumb/v8-m.base/nofp\libgcc.a(_muldi3.o)
                              ./ra/fsp/src/r_sci_uart/r_sci_uart.o (__aeabi_lmul)
c:/program files (x86)/gnu arm embedded toolchain/10 2021.10/bin/../lib/gcc/arm-none-eabi/10.3.1/thumb/v8-m.base/nofp\libgcc.a(bpabi.o)
                              c:/program files (x86)/gnu arm embedded toolchain/10 2021.10/bin/../lib/gcc/arm-none-eabi/10.3.1/thumb/v8-m.base/nofp\libgcc.a(_aeabi_ldivmod.o) (__gnu_ldivmod_helper)
c:/program files (x86)/gnu arm embedded toolchain/10 2021.10/bin/../lib/gcc/arm-none-eabi/10.3.1/thumb/v8-m.base/nofp\libgcc.a(_dvmd_tls.o)
                              c:/program files (x86)/gnu arm embedded toolchain/10 2021.10/bin/../lib/gcc/arm-none-eabi/10.3.1/thumb/v8-m.base/nofp\libgcc.a(_aeabi_ldivmod.o) (__aeabi_ldiv0)
c:/program files (x86)/gnu arm embedded toolchain/10 2021.10/bin/../lib/gcc/arm-none-eabi/10.3.1/thumb/v8-m.base/nofp\libgcc.a(_divdi3.o)
                              c:/program files (x86)/gnu arm embedded toolchain/10 2021.10/bin/../lib/gcc/arm-none-eabi/10.3.1/thumb/v8-m.base/nofp\libgcc.a(bpabi.o) (__divdi3)
c:/program files (x86)/gnu arm embedded toolchain/10 2021.10/bin/../lib/gcc/arm-none-eabi/10.3.1/../../../../arm-none-eabi/lib/thumb/v8-m.base/nofp\libg_nano.a(lib_a-errno.o)
                              ./ra/fsp/src/bsp/mcu/all/bsp_sbrk.o (__errno)
c:/program files (x86)/gnu arm embedded toolchain/10 2021.10/bin/../lib/gcc/arm-none-eabi/10.3.1/../../../../arm-none-eabi/lib/thumb/v8-m.base/nofp\libg_nano.a(lib_a-exit.o)
                              c:/program files (x86)/gnu arm embedded toolchain/10 2021.10/bin/../lib/gcc/arm-none-eabi/10.3.1/../../../../arm-none-eabi/lib/thumb/v8-m.base/nofp/crt0.o (exit)
c:/program files (x86)/gnu arm embedded toolchain/10 2021.10/bin/../lib/gcc/arm-none-eabi/10.3.1/../../../../arm-none-eabi/lib/thumb/v8-m.base/nofp\libg_nano.a(lib_a-impure.o)
                              c:/program files (x86)/gnu arm embedded toolchain/10 2021.10/bin/../lib/gcc/arm-none-eabi/10.3.1/../../../../arm-none-eabi/lib/thumb/v8-m.base/nofp\libg_nano.a(lib_a-exit.o) (_global_impure_ptr)
c:/program files (x86)/gnu arm embedded toolchain/10 2021.10/bin/../lib/gcc/arm-none-eabi/10.3.1/../../../../arm-none-eabi/lib/thumb/v8-m.base/nofp\libg_nano.a(lib_a-init.o)
                              c:/program files (x86)/gnu arm embedded toolchain/10 2021.10/bin/../lib/gcc/arm-none-eabi/10.3.1/../../../../arm-none-eabi/lib/thumb/v8-m.base/nofp/crt0.o (__libc_init_array)
c:/program files (x86)/gnu arm embedded toolchain/10 2021.10/bin/../lib/gcc/arm-none-eabi/10.3.1/../../../../arm-none-eabi/lib/thumb/v8-m.base/nofp\libg_nano.a(lib_a-malloc.o)
                              ./src/adapters/modbus_server.o (free)
c:/program files (x86)/gnu arm embedded toolchain/10 2021.10/bin/../lib/gcc/arm-none-eabi/10.3.1/../../../../arm-none-eabi/lib/thumb/v8-m.base/nofp\libg_nano.a(lib_a-memcpy-stub.o)
                              ./src/bsp/rs485.o (memcpy)
c:/program files (x86)/gnu arm embedded toolchain/10 2021.10/bin/../lib/gcc/arm-none-eabi/10.3.1/../../../../arm-none-eabi/lib/thumb/v8-m.base/nofp\libg_nano.a(lib_a-memset.o)
                              c:/program files (x86)/gnu arm embedded toolchain/10 2021.10/bin/../lib/gcc/arm-none-eabi/10.3.1/../../../../arm-none-eabi/lib/thumb/v8-m.base/nofp/crt0.o (memset)
c:/program files (x86)/gnu arm embedded toolchain/10 2021.10/bin/../lib/gcc/arm-none-eabi/10.3.1/../../../../arm-none-eabi/lib/thumb/v8-m.base/nofp\libg_nano.a(lib_a-nano-freer.o)
                              c:/program files (x86)/gnu arm embedded toolchain/10 2021.10/bin/../lib/gcc/arm-none-eabi/10.3.1/../../../../arm-none-eabi/lib/thumb/v8-m.base/nofp\libg_nano.a(lib_a-malloc.o) (_free_r)
c:/program files (x86)/gnu arm embedded toolchain/10 2021.10/bin/../lib/gcc/arm-none-eabi/10.3.1/../../../../arm-none-eabi/lib/thumb/v8-m.base/nofp\libg_nano.a(lib_a-nano-mallocr.o)
                              c:/program files (x86)/gnu arm embedded toolchain/10 2021.10/bin/../lib/gcc/arm-none-eabi/10.3.1/../../../../arm-none-eabi/lib/thumb/v8-m.base/nofp\libg_nano.a(lib_a-malloc.o) (_malloc_r)
c:/program files (x86)/gnu arm embedded toolchain/10 2021.10/bin/../lib/gcc/arm-none-eabi/10.3.1/../../../../arm-none-eabi/lib/thumb/v8-m.base/nofp\libg_nano.a(lib_a-realloc.o)
                              ./src/adapters/modbus_server.o (realloc)
[...]
Memory Configuration

Name             Origin             Length             Attributes
ITCM             0x00000000         0x00000000         xr
DTCM             0x00000000         0x00000000         xrw
FLASH            0x00000000         0x00004000         xr
RAM              0x20004000         0x00002000         xrw
DATA_FLASH       0x40100000         0x00000800         xr
QSPI_FLASH       0x60000000         0x00000000         xr
OSPI_DEVICE_0    0x80020000         0x00000000         xr
OSPI_DEVICE_1    0x80030000         0x00000000         xr
OSPI_DEVICE_0_RAM 0x80020000         0x00000000         xrw
OSPI_DEVICE_1_RAM 0x80030000         0x00000000         xrw
SDRAM            0x80010000         0x00000000         xrw
OPTION_SETTING   0x00000000         0x00000000         r
OPTION_SETTING_OFS 0x00000000         0x00000018         r
OPTION_SETTING_SAS 0x00000034         0x00000000         r
OPTION_SETTING_S 0x80000000         0x00000000         r
ID_CODE          0x01010018         0x00000020         xr
*default*        0x00000000         0xffffffff

Linker script and memory map

LOAD c:/program files (x86)/gnu arm embedded toolchain/10 2021.10/bin/../lib/gcc/arm-none-eabi/10.3.1/thumb/v8-m.base/nofp/crti.o
LOAD c:/program files (x86)/gnu arm embedded toolchain/10 2021.10/bin/../lib/gcc/arm-none-eabi/10.3.1/thumb/v8-m.base/nofp/crtbegin.o
LOAD c:/program files (x86)/gnu arm embedded toolchain/10 2021.10/bin/../lib/gcc/arm-none-eabi/10.3.1/../../../../arm-none-eabi/lib/thumb/v8-m.base/nofp/crt0.o
LOAD ./src/controller/controller.o
LOAD ./src/bsp/heartbit.o
LOAD ./src/bsp/pressure.o
LOAD ./src/bsp/rs485.o
LOAD ./src/bsp/timers.o
LOAD ./src/adapters/modbus_server.o
LOAD ./src/hal_entry.o
LOAD ./ra_gen/common_data.o
LOAD ./ra_gen/hal_data.o
LOAD ./ra_gen/main.o
LOAD ./ra_gen/pin_data.o
LOAD ./ra_gen/vector_data.o
LOAD ./ra/fsp/src/r_sci_uart/r_sci_uart.o
LOAD ./ra/fsp/src/r_ioport/r_ioport.o
LOAD ./ra/fsp/src/r_adc/r_adc.o
LOAD ./ra/fsp/src/bsp/mcu/all/bsp_clocks.o
LOAD ./ra/fsp/src/bsp/mcu/all/bsp_common.o
LOAD ./ra/fsp/src/bsp/mcu/all/bsp_delay.o
LOAD ./ra/fsp/src/bsp/mcu/all/bsp_group_irq.o
LOAD ./ra/fsp/src/bsp/mcu/all/bsp_guard.o
LOAD ./ra/fsp/src/bsp/mcu/all/bsp_io.o
LOAD ./ra/fsp/src/bsp/mcu/all/bsp_irq.o
LOAD ./ra/fsp/src/bsp/mcu/all/bsp_macl.o
LOAD ./ra/fsp/src/bsp/mcu/all/bsp_register_protection.o
LOAD ./ra/fsp/src/bsp/mcu/all/bsp_rom_registers.o
LOAD ./ra/fsp/src/bsp/mcu/all/bsp_sbrk.o
LOAD ./ra/fsp/src/bsp/mcu/all/bsp_security.o
LOAD ./ra/fsp/src/bsp/cmsis/Device/RENESAS/Source/startup.o
LOAD ./ra/fsp/src/bsp/cmsis/Device/RENESAS/Source/system.o
START GROUP
LOAD c:/program files (x86)/gnu arm embedded toolchain/10 2021.10/bin/../lib/gcc/arm-none-eabi/10.3.1/thumb/v8-m.base/nofp\libgcc.a
LOAD c:/program files (x86)/gnu arm embedded toolchain/10 2021.10/bin/../lib/gcc/arm-none-eabi/10.3.1/../../../../arm-none-eabi/lib/thumb/v8-m.base/nofp\libg_nano.a
LOAD c:/program files (x86)/gnu arm embedded toolchain/10 2021.10/bin/../lib/gcc/arm-none-eabi/10.3.1/../../../../arm-none-eabi/lib/thumb/v8-m.base/nofp\libc_nano.a
END GROUP
START GROUP
LOAD c:/program files (x86)/gnu arm embedded toolchain/10 2021.10/bin/../lib/gcc/arm-none-eabi/10.3.1/thumb/v8-m.base/nofp\libgcc.a
LOAD c:/program files (x86)/gnu arm embedded toolchain/10 2021.10/bin/../lib/gcc/arm-none-eabi/10.3.1/../../../../arm-none-eabi/lib/thumb/v8-m.base/nofp\libc_nano.a
END GROUP
LOAD c:/program files (x86)/gnu arm embedded toolchain/10 2021.10/bin/../lib/gcc/arm-none-eabi/10.3.1/thumb/v8-m.base/nofp/crtend.o
LOAD c:/program files (x86)/gnu arm embedded toolchain/10 2021.10/bin/../lib/gcc/arm-none-eabi/10.3.1/thumb/v8-m.base/nofp/crtn.o
                0x20004000                RAM_START = 0x20004000
                0x00002000                RAM_LENGTH = 0x2000
                0x00000000                FLASH_START = 0x0
                0x00004000                FLASH_LENGTH = 0x4000
                0x40100000                DATA_FLASH_START = 0x40100000
                0x00000800                DATA_FLASH_LENGTH = 0x800
                0x00000000                OPTION_SETTING_START = 0x0
                0x00000000                OPTION_SETTING_LENGTH = 0x0
                0x80000000                OPTION_SETTING_S_START = 0x80000000
                0x00000000                OPTION_SETTING_S_LENGTH = 0x0
                0x01010018                ID_CODE_START = 0x1010018
                0x00000020                ID_CODE_LENGTH = 0x20
                0x80010000                SDRAM_START = 0x80010000
                0x00000000                SDRAM_LENGTH = 0x0
                0x60000000                QSPI_FLASH_START = 0x60000000
                0x00000000                QSPI_FLASH_LENGTH = 0x0
                0x80020000                OSPI_DEVICE_0_START = 0x80020000
                0x00000000                OSPI_DEVICE_0_LENGTH = 0x0
                0x80030000                OSPI_DEVICE_1_START = 0x80030000
                0x00000000                OSPI_DEVICE_1_LENGTH = 0x0
                0x00000000                QSPI_FLASH_PRV_LENGTH = DEFINED (QSPI_FLASH_SIZE)?ABSOLUTE (QSPI_FLASH_SIZE):ABSOLUTE (QSPI_FLASH_LENGTH)
                0x00000000                OSPI_DEVICE_0_PRV_LENGTH = DEFINED (OSPI_DEVICE_0_SIZE)?ABSOLUTE (OSPI_DEVICE_0_SIZE):ABSOLUTE (OSPI_DEVICE_0_LENGTH)
                0x00000000                OSPI_DEVICE_1_PRV_LENGTH = DEFINED (OSPI_DEVICE_1_SIZE)?ABSOLUTE (OSPI_DEVICE_1_SIZE):ABSOLUTE (OSPI_DEVICE_1_LENGTH)
                0x00000000                __RESERVE_NS_RAM = ((! (DEFINED (PROJECT_NONSECURE)) && DEFINED (RAM_NS_BUFFER_LENGTH)) && (OPTION_SETTING_S_LENGTH != 0x0))
                0x00000000                ITCM_START = DEFINED (ITCM_START)?ITCM_START:0x0
                0x00000000                ITCM_LENGTH = DEFINED (ITCM_LENGTH)?ITCM_LENGTH:0x0
                0x00000000                DTCM_START = DEFINED (DTCM_START)?DTCM_START:0x0
                0x00000000                DTCM_LENGTH = DEFINED (DTCM_LENGTH)?DTCM_LENGTH:0x0
                0x00000000                RAM_NS_BUFFER_BLOCK_LENGTH = DEFINED (RAM_NS_BUFFER_LENGTH)?ALIGN (RAM_NS_BUFFER_LENGTH, 0x2000):0x0
                0x00000000                RAM_NS_BUFFER_LENGTH = DEFINED (RAM_NS_BUFFER_LENGTH)?RAM_NS_BUFFER_LENGTH:0x0
                0x20006000                RAM_NS_BUFFER_START = ((RAM_START + RAM_LENGTH) - RAM_NS_BUFFER_LENGTH)
                0x20006000                RAM_NS_BUFFER_BLOCK_START = ((RAM_START + RAM_LENGTH) - RAM_NS_BUFFER_BLOCK_LENGTH)
                0x00000080                OPTION_SETTING_START_NS = DEFINED (PROJECT_NONSECURE)?OPTION_SETTING_START:(OPTION_SETTING_START + 0x80)
                0x00000001                __bl_FSP_BOOTABLE_IMAGE = 0x1
                0x00000001                __bln_FSP_BOOTABLE_IMAGE = 0x1
                0x00000000                PROJECT_SECURE_OR_FLAT = (((! (DEFINED (PROJECT_NONSECURE)) || DEFINED (PROJECT_SECURE)) && OPTION_SETTING_LENGTH) && ! (DEFINED (FSP_BOOTABLE_IMAGE)))
                0x00000000                USE_OPTION_SETTING_NS = (DEFINED (PROJECT_NONSECURE) && ! (DEFINED (FSP_BOOTABLE_IMAGE)))
                0x00000000                __bl_FLASH_IMAGE_START = ! (DEFINED (FLASH_BOOTLOADER_LENGTH))?0x0:(FLASH_APPLICATION_IMAGE_NUMBER == 0x1)?((FLASH_START + FLASH_BOOTLOADER_LENGTH) + FLASH_BOOTLOADER_HEADER_LENGTH):DEFINED (BOOTLOADER_SECONDARY_USE_QSPI)?(((FLASH_START + FLASH_BOOTLOADER_LENGTH) + FLASH_BOOTLOADER_SCRATCH_LENGTH) + FLASH_BOOTLOADER_HEADER_LENGTH):((((FLASH_START + FLASH_BOOTLOADER_LENGTH) + FLASH_BOOTLOADER_SCRATCH_LENGTH) + FLASH_APPLICATION_S_LENGTH) + FLASH_BOOTLOADER_HEADER_LENGTH)
                0x00000000                __bl_FLASH_IMAGE_LENGTH = ! (DEFINED (FLASH_BOOTLOADER_LENGTH))?0x0:(FLASH_APPLICATION_S_LENGTH - FLASH_BOOTLOADER_HEADER_LENGTH)
                0x00000000                __bl_FLASH_IMAGE_END = (__bl_FLASH_IMAGE_START + __bl_FLASH_IMAGE_LENGTH)
                0x00000000                __bl_XIP_SECONDARY_FLASH_IMAGE_START = ! (DEFINED (FLASH_BOOTLOADER_LENGTH))?0x0:((FLASH_BOOTLOADER_LENGTH + FLASH_APPLICATION_S_LENGTH) + FLASH_BOOTLOADER_HEADER_LENGTH)
                0x00000000                __bl_XIP_SECONDARY_FLASH_IMAGE_END = (__bl_XIP_SECONDARY_FLASH_IMAGE_START + __bl_FLASH_IMAGE_LENGTH)
                0x00000000                __bl_FLASH_NS_START = ! (DEFINED (FLASH_BOOTLOADER_LENGTH))?0x0:(FLASH_APPLICATION_NS_LENGTH == 0x0)?__bl_FLASH_IMAGE_END:((__bl_FLASH_IMAGE_START - FLASH_BOOTLOADER_HEADER_LENGTH) + FLASH_APPLICATION_S_LENGTH)
                0x00000000                __bl_FLASH_NSC_START = ! (DEFINED (FLASH_BOOTLOADER_LENGTH))?0x0:(FLASH_APPLICATION_NS_LENGTH == 0x0)?__bl_FLASH_IMAGE_END:(__bl_FLASH_IMAGE_END - FLASH_APPLICATION_NSC_LENGTH)
                0x00000000                __bl_RAM_NS_START = ! (DEFINED (FLASH_BOOTLOADER_LENGTH))?0x0:(FLASH_APPLICATION_NS_LENGTH == 0x0)?(RAM_START + RAM_LENGTH):((RAM_START + RAM_LENGTH) - RAM_APPLICATION_NS_LENGTH)
                0x00000000                __bl_RAM_NSC_START = ! (DEFINED (FLASH_BOOTLOADER_LENGTH))?0x0:(FLASH_APPLICATION_NS_LENGTH == 0x0)?(RAM_START + RAM_LENGTH):(__bl_RAM_NS_START - RAM_APPLICATION_NSC_LENGTH)
                0x00000000                __bl_FLASH_NS_IMAGE_START = ! (DEFINED (FLASH_BOOTLOADER_LENGTH))?0x0:(FLASH_APPLICATION_NS_LENGTH == 0x0)?__bl_FLASH_IMAGE_END:(__bl_FLASH_NS_START + FLASH_BOOTLOADER_HEADER_LENGTH_2)
                0x00000000                __bln_FLASH_IMAGE_START = (__bl_FLASH_NS_IMAGE_START | ! (DEFINED (NS_OFFSET_START))?0x0:NS_OFFSET_START)
                0x00000000                __bln_FLASH_IMAGE_LENGTH = ! (DEFINED (FLASH_BOOTLOADER_LENGTH))?0x0:(FLASH_APPLICATION_NS_LENGTH == 0x0)?__bl_FLASH_IMAGE_END:(FLASH_APPLICATION_NS_LENGTH - FLASH_BOOTLOADER_HEADER_LENGTH_2)
                0x00000000                XIP_SECONDARY_SLOT_IMAGE = DEFINED (XIP_SECONDARY_SLOT_IMAGE)?XIP_SECONDARY_SLOT_IMAGE:0x0
                0x00000000                FLASH_ORIGIN = ! (DEFINED (FLASH_IMAGE_START))?FLASH_START:(XIP_SECONDARY_SLOT_IMAGE == 0x1)?XIP_SECONDARY_FLASH_IMAGE_START:FLASH_IMAGE_START
                0x00004000                LIMITED_FLASH_LENGTH = DEFINED (FLASH_IMAGE_LENGTH)?FLASH_IMAGE_LENGTH:DEFINED (FLASH_BOOTLOADER_LENGTH)?FLASH_BOOTLOADER_LENGTH:FLASH_LENGTH
                0x00000034                OPTION_SETTING_SAS_SIZE = 0x34
                0x00000000                OPTION_SETTING_SAS_LENGTH = ! (DEFINED (OPTION_SETTING_LENGTH))?0x0:(OPTION_SETTING_LENGTH == 0x0)?0x0:(OPTION_SETTING_LENGTH - OPTION_SETTING_SAS_SIZE)
START GROUP
LOAD c:/program files (x86)/gnu arm embedded toolchain/10 2021.10/bin/../lib/gcc/arm-none-eabi/10.3.1/thumb/v8-m.base/nofp\libgcc.a
LOAD c:/program files (x86)/gnu arm embedded toolchain/10 2021.10/bin/../lib/gcc/arm-none-eabi/10.3.1/../../../../arm-none-eabi/lib/thumb/v8-m.base/nofp\libc.a
LOAD c:/program files (x86)/gnu arm embedded toolchain/10 2021.10/bin/../lib/gcc/arm-none-eabi/10.3.1/../../../../arm-none-eabi/lib/thumb/v8-m.base/nofp\libm.a
END GROUP

.text           0x00000000     0x22d4
                0x00000000                __tz_FLASH_S = ABSOLUTE (FLASH_START)
                0x00000000                __ROM_Start = .
 *(.fixed_vectors*)
 .fixed_vectors
                0x00000000       0x40 ./ra/fsp/src/bsp/cmsis/Device/RENESAS/Source/startup.o
                0x00000000                __Vectors
 *(.application_vectors*)
 .application_vectors
                0x00000040       0x80 ./ra_gen/vector_data.o
                0x00000040                g_vector_table
                0x000000c0                __Vectors_End = .
 *(.flash_gap*)
                0x00000400                . = (OPTION_SETTING_LENGTH > 0x0)?.:(__ROM_Start + 0x400)
 *fill*         0x000000c0      0x340 ff
 *(.rom_registers*)
 .rom_registers
                0x00000400       0x3c ./ra/fsp/src/bsp/mcu/all/bsp_rom_registers.o
 *(.mcuboot_sce9_key*)
 *(.text*)
 .text          0x0000043c       0x50 c:/program files (x86)/gnu arm embedded toolchain/10 2021.10/bin/../lib/gcc/arm-none-eabi/10.3.1/thumb/v8-m.base/nofp/crtbegin.o
 .text.controller_init
                0x0000048c        0x8 ./src/controller/controller.o
                0x0000048c                controller_init
 .text.controller_manage
                0x00000494        0x8 ./src/controller/controller.o
                0x00000494                controller_manage
 .text.bsp_heartbit_manage
                0x0000049c       0x78 ./src/bsp/heartbit.o
                0x0000049c                bsp_heartbit_manage
 .text.bsp_pressure_manage
                0x00000514       0x80 ./src/bsp/pressure.o
                0x00000514                bsp_pressure_manage
 .text.adc_sample_callback
                0x00000594       0x10 ./src/bsp/pressure.o
                0x00000594                adc_sample_callback
 .text.bsp_rs485_read
                0x000005a4       0x24 ./src/bsp/rs485.o
                0x000005a4                bsp_rs485_read
 .text.bsp_rs485_flush
                0x000005c8       0x10 ./src/bsp/rs485.o
                0x000005c8                bsp_rs485_flush
 .text.bsp_timers_init
                0x000005d8       0x58 ./src/bsp/timers.o
                0x000005d8                bsp_timers_init
 .text.SysTick_Handler
                0x00000630       0x10 ./src/bsp/timers.o
                0x00000630                SysTick_Handler
 .text.bsp_timers_get_millis
                0x00000640        0xc ./src/bsp/timers.o
                0x00000640                bsp_timers_get_millis
 .text.registerCallback
                0x0000064c       0x18 ./src/adapters/modbus_server.o
                0x0000064c                registerCallback
 .text.exceptionCallback
                0x00000664        0x4 ./src/adapters/modbus_server.o
                0x00000664                exceptionCallback
 .text.modbusDefaultAllocator
                0x00000668       0x30 ./src/adapters/modbus_server.o
                0x00000668                modbusDefaultAllocator
 .text.modbusBufferAllocateADU
                0x00000698       0x38 ./src/adapters/modbus_server.o
                0x00000698                modbusBufferAllocateADU
 .text.modbusBuildException
                0x000006d0       0x4c ./src/adapters/modbus_server.o
                0x000006d0                modbusBuildException
 .text.modbusParseRequest01020304
                0x0000071c      0x1d8 ./src/adapters/modbus_server.o
                0x0000071c                modbusParseRequest01020304
 .text.modbusParseRequest0506
                0x000008f4      0x140 ./src/adapters/modbus_server.o
                0x000008f4                modbusParseRequest0506
 .text.modbusParseRequest1516
                0x00000a34      0x1d8 ./src/adapters/modbus_server.o
                0x00000a34                modbusParseRequest1516
 .text.modbusParseRequest22
                0x00000c0c      0x144 ./src/adapters/modbus_server.o
                0x00000c0c                modbusParseRequest22
 .text.modbusParseRequest
                0x00000d50       0x34 ./src/adapters/modbus_server.o
                0x00000d50                modbusParseRequest
 .text.modbus_server_init
                0x00000d84       0x40 ./src/adapters/modbus_server.o
                0x00000d84                modbus_server_init
 .text.modbus_server_manage
                0x00000dc4       0x58 ./src/adapters/modbus_server.o
                0x00000dc4                modbus_server_manage
 .text.hal_entry
                0x00000e1c       0x1c ./src/hal_entry.o
                0x00000e1c                hal_entry
 .text.R_BSP_WarmStart
                0x00000e38       0x30 ./src/hal_entry.o
                0x00000e38                R_BSP_WarmStart
 .text.startup.main
                0x00000e68        0xc ./ra_gen/main.o
                0x00000e68                main
 .text.r_sci_uart_call_callback
                0x00000e74       0x50 ./ra/fsp/src/r_sci_uart/r_sci_uart.o
 .text.r_sci_negate_de_pin.isra.0
                0x00000ec4       0x94 ./ra/fsp/src/r_sci_uart/r_sci_uart.o
 .text.sci_uart_txi_isr
                0x00000f58       0x88 ./ra/fsp/src/r_sci_uart/r_sci_uart.o
                0x00000f58                sci_uart_txi_isr
 .text.sci_uart_rxi_isr
                0x00000fe0       0x8c ./ra/fsp/src/r_sci_uart/r_sci_uart.o
                0x00000fe0                sci_uart_rxi_isr
 .text.sci_uart_tei_isr
                0x0000106c       0x3c ./ra/fsp/src/r_sci_uart/r_sci_uart.o
                0x0000106c                sci_uart_tei_isr
 .text.sci_uart_eri_isr
                0x000010a8       0x6c ./ra/fsp/src/r_sci_uart/r_sci_uart.o
                0x000010a8                sci_uart_eri_isr
 .text.R_IOPORT_Close
                0x00001114        0x8 ./ra/fsp/src/r_ioport/r_ioport.o
                0x00001114                R_IOPORT_Close
 .text.R_IOPORT_PinRead
                0x0000111c       0x24 ./ra/fsp/src/r_ioport/r_ioport.o
                0x0000111c                R_IOPORT_PinRead
 .text.R_IOPORT_PortRead
                0x00001140       0x18 ./ra/fsp/src/r_ioport/r_ioport.o
                0x00001140                R_IOPORT_PortRead
 .text.R_IOPORT_PortWrite
                0x00001158       0x20 ./ra/fsp/src/r_ioport/r_ioport.o
                0x00001158                R_IOPORT_PortWrite
 .text.R_IOPORT_PinWrite
                0x00001178       0x28 ./ra/fsp/src/r_ioport/r_ioport.o
                0x00001178                R_IOPORT_PinWrite
 .text.R_IOPORT_PortDirectionSet
                0x000011a0       0x24 ./ra/fsp/src/r_ioport/r_ioport.o
                0x000011a0                R_IOPORT_PortDirectionSet
 .text.R_IOPORT_PortEventInputRead
                0x000011c4       0x18 ./ra/fsp/src/r_ioport/r_ioport.o
                0x000011c4                R_IOPORT_PortEventInputRead
 .text.R_IOPORT_PinEventInputRead
                0x000011dc       0x2c ./ra/fsp/src/r_ioport/r_ioport.o
                0x000011dc                R_IOPORT_PinEventInputRead
 .text.R_IOPORT_PortEventOutputWrite
                0x00001208       0x20 ./ra/fsp/src/r_ioport/r_ioport.o
                0x00001208                R_IOPORT_PortEventOutputWrite
 .text.R_IOPORT_PinEventOutputWrite
                0x00001228       0x30 ./ra/fsp/src/r_ioport/r_ioport.o
                0x00001228                R_IOPORT_PinEventOutputWrite
 .text.r_ioport_pins_config
                0x00001258       0xf0 ./ra/fsp/src/r_ioport/r_ioport.o
 .text.R_IOPORT_Open
                0x00001348       0x18 ./ra/fsp/src/r_ioport/r_ioport.o
                0x00001348                R_IOPORT_Open
 .text.R_IOPORT_PinsCfg
                0x00001360        0xc ./ra/fsp/src/r_ioport/r_ioport.o
                0x00001360                R_IOPORT_PinsCfg
 .text.R_IOPORT_PinCfg
                0x0000136c       0xa0 ./ra/fsp/src/r_ioport/r_ioport.o
                0x0000136c                R_IOPORT_PinCfg
 .text.R_ADC_ScanStart
                0x0000140c        0xc ./ra/fsp/src/r_adc/r_adc.o
                0x0000140c                R_ADC_ScanStart
 .text.R_ADC_Read
                0x00001418       0x10 ./ra/fsp/src/r_adc/r_adc.o
                0x00001418                R_ADC_Read
 .text.r_adc_call_callback
                0x00001428       0x3c ./ra/fsp/src/r_adc/r_adc.o
 .text.R_ADC_Open
                0x00001464      0x17c ./ra/fsp/src/r_adc/r_adc.o
                0x00001464                R_ADC_Open
 .text.r_adc_scan_end_common_isr
                0x000015e0       0x4c ./ra/fsp/src/r_adc/r_adc.o
 .text.R_ADC_ScanCfg
                0x0000162c      0x20c ./ra/fsp/src/r_adc/r_adc.o
                0x0000162c                R_ADC_ScanCfg
 .text.R_ADC_Close
                0x00001838       0xb4 ./ra/fsp/src/r_adc/r_adc.o
                0x00001838                R_ADC_Close
 .text.adc_scan_end_isr
                0x000018ec        0xc ./ra/fsp/src/r_adc/r_adc.o
                0x000018ec                adc_scan_end_isr
 .text.SystemCoreClockUpdate
                0x000018f8       0x2c ./ra/fsp/src/bsp/mcu/all/bsp_clocks.o
                0x000018f8                SystemCoreClockUpdate
 .text.bsp_clock_init
                0x00001924      0x104 ./ra/fsp/src/bsp/mcu/all/bsp_clocks.o
                0x00001924                bsp_clock_init
 .text.bsp_init_internal
                0x00001a28        0x4 ./ra/fsp/src/bsp/mcu/all/bsp_common.o
                0x00001a28                bsp_init_internal
                0x00001a28                bsp_init
 .text.bsp_prv_software_delay_loop
                0x00001a2c        0x8 ./ra/fsp/src/bsp/mcu/all/bsp_delay.o
                0x00001a2c                bsp_prv_software_delay_loop
 .text.R_BSP_SoftwareDelay
                0x00001a34       0x5c ./ra/fsp/src/bsp/mcu/all/bsp_delay.o
                0x00001a34                R_BSP_SoftwareDelay
 .text.NMI_Handler
                0x00001a90       0x4c ./ra/fsp/src/bsp/mcu/all/bsp_group_irq.o
                0x00001a90                NMI_Handler
 .text.R_BSP_IrqStatusClear
                0x00001adc       0x1c ./ra/fsp/src/bsp/mcu/all/bsp_irq.o
                0x00001adc                R_BSP_IrqStatusClear
 .text.R_BSP_IrqDisable
                0x00001af8       0x24 ./ra/fsp/src/bsp/mcu/all/bsp_irq.o
                0x00001af8                R_BSP_IrqDisable
 .text.R_BSP_IrqCfgEnable
                0x00001b1c       0x8c ./ra/fsp/src/bsp/mcu/all/bsp_irq.o
                0x00001b1c                R_BSP_IrqCfgEnable
 .text.bsp_irq_cfg
                0x00001ba8       0x28 ./ra/fsp/src/bsp/mcu/all/bsp_irq.o
                0x00001ba8                bsp_irq_cfg
 .text.R_BSP_RegisterProtectEnable
                0x00001bd0       0x54 ./ra/fsp/src/bsp/mcu/all/bsp_register_protection.o
                0x00001bd0                R_BSP_RegisterProtectEnable
 .text.R_BSP_RegisterProtectDisable
                0x00001c24       0x4c ./ra/fsp/src/bsp/mcu/all/bsp_register_protection.o
                0x00001c24                R_BSP_RegisterProtectDisable
 .text._sbrk    0x00001c70       0x44 ./ra/fsp/src/bsp/mcu/all/bsp_sbrk.o
                0x00001c70                _sbrk
 .text.Default_Handler
                0x00001cb4        0x4 ./ra/fsp/src/bsp/cmsis/Device/RENESAS/Source/startup.o
                0x00001cb4                DebugMon_Handler
                0x00001cb4                HardFault_Handler
                0x00001cb4                PendSV_Handler
                0x00001cb4                UsageFault_Handler
                0x00001cb4                SecureFault_Handler
                0x00001cb4                Default_Handler
                0x00001cb4                MemManage_Handler
                0x00001cb4                SVC_Handler
                0x00001cb4                BusFault_Handler
 .text.Reset_Handler
                0x00001cb8        0xc ./ra/fsp/src/bsp/cmsis/Device/RENESAS/Source/startup.o
                0x00001cb8                Reset_Handler
 .text.SystemInit
                0x00001cc4      0x140 ./ra/fsp/src/bsp/cmsis/Device/RENESAS/Source/system.o
                0x00001cc4                SystemInit
 .text          0x00001e04       0x3c c:/program files (x86)/gnu arm embedded toolchain/10 2021.10/bin/../lib/gcc/arm-none-eabi/10.3.1/thumb/v8-m.base/nofp\libgcc.a(_clzsi2.o)
                0x00001e04                __clzsi2
 .text          0x00001e40       0x5c c:/program files (x86)/gnu arm embedded toolchain/10 2021.10/bin/../lib/gcc/arm-none-eabi/10.3.1/thumb/v8-m.base/nofp\libgcc.a(_muldi3.o)
                0x00001e40                __muldi3
                0x00001e40                __aeabi_lmul
 .text.__errno  0x00001e9c        0xc c:/program files (x86)/gnu arm embedded toolchain/10 2021.10/bin/../lib/gcc/arm-none-eabi/10.3.1/../../../../arm-none-eabi/lib/thumb/v8-m.base/nofp\libg_nano.a(lib_a-errno.o)
                0x00001e9c                __errno
 .text.free     0x00001ea8       0x14 c:/program files (x86)/gnu arm embedded toolchain/10 2021.10/bin/../lib/gcc/arm-none-eabi/10.3.1/../../../../arm-none-eabi/lib/thumb/v8-m.base/nofp\libg_nano.a(lib_a-malloc.o)
                0x00001ea8                free
 .text.memcpy   0x00001ebc       0x12 c:/program files (x86)/gnu arm embedded toolchain/10 2021.10/bin/../lib/gcc/arm-none-eabi/10.3.1/../../../../arm-none-eabi/lib/thumb/v8-m.base/nofp\libg_nano.a(lib_a-memcpy-stub.o)
                0x00001ebc                memcpy
 .text.memset   0x00001ece       0x10 c:/program files (x86)/gnu arm embedded toolchain/10 2021.10/bin/../lib/gcc/arm-none-eabi/10.3.1/../../../../arm-none-eabi/lib/thumb/v8-m.base/nofp\libg_nano.a(lib_a-memset.o)
                0x00001ece                memset
 *fill*         0x00001ede        0x2 ff
 .text._free_r  0x00001ee0       0x8c c:/program files (x86)/gnu arm embedded toolchain/10 2021.10/bin/../lib/gcc/arm-none-eabi/10.3.1/../../../../arm-none-eabi/lib/thumb/v8-m.base/nofp\libg_nano.a(lib_a-nano-freer.o)
                0x00001ee0                _free_r
 .text.sbrk_aligned
                0x00001f6c       0x40 c:/program files (x86)/gnu arm embedded toolchain/10 2021.10/bin/../lib/gcc/arm-none-eabi/10.3.1/../../../../arm-none-eabi/lib/thumb/v8-m.base/nofp\libg_nano.a(lib_a-nano-mallocr.o)
 .text._malloc_r
                0x00001fac       0xec c:/program files (x86)/gnu arm embedded toolchain/10 2021.10/bin/../lib/gcc/arm-none-eabi/10.3.1/../../../../arm-none-eabi/lib/thumb/v8-m.base/nofp\libg_nano.a(lib_a-nano-mallocr.o)
                0x00001fac                _malloc_r
 .text.realloc  0x00002098       0x14 c:/program files (x86)/gnu arm embedded toolchain/10 2021.10/bin/../lib/gcc/arm-none-eabi/10.3.1/../../../../arm-none-eabi/lib/thumb/v8-m.base/nofp\libg_nano.a(lib_a-realloc.o)
                0x00002098                realloc
 .text._sbrk_r  0x000020ac       0x20 c:/program files (x86)/gnu arm embedded toolchain/10 2021.10/bin/../lib/gcc/arm-none-eabi/10.3.1/../../../../arm-none-eabi/lib/thumb/v8-m.base/nofp\libg_nano.a(lib_a-sbrkr.o)
                0x000020ac                _sbrk_r
 .text.__malloc_lock
                0x000020cc       0x10 c:/program files (x86)/gnu arm embedded toolchain/10 2021.10/bin/../lib/gcc/arm-none-eabi/10.3.1/../../../../arm-none-eabi/lib/thumb/v8-m.base/nofp\libg_nano.a(lib_a-mlock.o)
                0x000020cc                __malloc_lock
 .text.__malloc_unlock
                0x000020dc       0x10 c:/program files (x86)/gnu arm embedded toolchain/10 2021.10/bin/../lib/gcc/arm-none-eabi/10.3.1/../../../../arm-none-eabi/lib/thumb/v8-m.base/nofp\libg_nano.a(lib_a-mlock.o)
                0x000020dc                __malloc_unlock
 .text._realloc_r
                0x000020ec       0x5c c:/program files (x86)/gnu arm embedded toolchain/10 2021.10/bin/../lib/gcc/arm-none-eabi/10.3.1/../../../../arm-none-eabi/lib/thumb/v8-m.base/nofp\libg_nano.a(lib_a-nano-reallocr.o)
                0x000020ec                _realloc_r
 .text.__retarget_lock_acquire_recursive
                0x00002148        0x2 c:/program files (x86)/gnu arm embedded toolchain/10 2021.10/bin/../lib/gcc/arm-none-eabi/10.3.1/../../../../arm-none-eabi/lib/thumb/v8-m.base/nofp\libg_nano.a(lib_a-lock.o)
                0x00002148                __retarget_lock_acquire_recursive
 .text.__retarget_lock_release_recursive
                0x0000214a        0x2 c:/program files (x86)/gnu arm embedded toolchain/10 2021.10/bin/../lib/gcc/arm-none-eabi/10.3.1/../../../../arm-none-eabi/lib/thumb/v8-m.base/nofp\libg_nano.a(lib_a-lock.o)
                0x0000214a                __retarget_lock_release_recursive
 .text._malloc_usable_size_r
                0x0000214c       0x10 c:/program files (x86)/gnu arm embedded toolchain/10 2021.10/bin/../lib/gcc/arm-none-eabi/10.3.1/../../../../arm-none-eabi/lib/thumb/v8-m.base/nofp\libg_nano.a(lib_a-nano-msizer.o)
                0x0000214c                _malloc_usable_size_r
 *(.version)
 .version       0x0000215c       0x50 ./ra/fsp/src/bsp/mcu/all/bsp_common.o
 *(.init)
 .init          0x000021ac        0x4 c:/program files (x86)/gnu arm embedded toolchain/10 2021.10/bin/../lib/gcc/arm-none-eabi/10.3.1/thumb/v8-m.base/nofp/crti.o
                0x000021ac                _init
 .init          0x000021b0        0x8 c:/program files (x86)/gnu arm embedded toolchain/10 2021.10/bin/../lib/gcc/arm-none-eabi/10.3.1/thumb/v8-m.base/nofp/crtn.o
 *(.fini)
 .fini          0x000021b8        0x4 c:/program files (x86)/gnu arm embedded toolchain/10 2021.10/bin/../lib/gcc/arm-none-eabi/10.3.1/thumb/v8-m.base/nofp/crti.o
                0x000021b8                _fini
 .fini          0x000021bc        0x8 c:/program files (x86)/gnu arm embedded toolchain/10 2021.10/bin/../lib/gcc/arm-none-eabi/10.3.1/thumb/v8-m.base/nofp/crtn.o
 *crtbegin.o(.ctors)
 *crtbegin?.o(.ctors)
 *(EXCLUDE_FILE(*crtend.o *crtend?.o) .ctors)
 *(SORT_BY_NAME(.ctors.*))
 *(.ctors)
 *crtbegin.o(.dtors)
 *crtbegin?.o(.dtors)
 *(EXCLUDE_FILE(*crtend.o *crtend?.o) .dtors)
 *(SORT_BY_NAME(.dtors.*))
 *(.dtors)
 *(.rodata*)
 .rodata.CSWTCH.65
                0x000021c4        0x4 ./src/adapters/modbus_server.o
 .rodata.CSWTCH.66
                0x000021c8        0x8 ./src/adapters/modbus_server.o
 .rodata.CSWTCH.67
                0x000021d0        0x4 ./src/adapters/modbus_server.o
 .rodata.g_ioport
                0x000021d4        0xc ./ra_gen/common_data.o
                0x000021d4                g_ioport
 .rodata.g_adc0_cfg
                0x000021e0       0x18 ./ra_gen/hal_data.o
                0x000021e0                g_adc0_cfg
 .rodata.g_adc0_cfg_extend
                0x000021f8        0xb ./ra_gen/hal_data.o
                0x000021f8                g_adc0_cfg_extend
 *fill*         0x00002203        0x1 ff
 .rodata.g_adc0_channel_cfg
                0x00002204       0x14 ./ra_gen/hal_data.o
                0x00002204                g_adc0_channel_cfg
 .rodata.g_bsp_pin_cfg
                0x00002218        0xc ./ra_gen/pin_data.o
                0x00002218                g_bsp_pin_cfg
 .rodata.g_bsp_pin_cfg_data
                0x00002224       0x50 ./ra_gen/pin_data.o
                0x00002224                g_bsp_pin_cfg_data
 .rodata.g_interrupt_event_link_select
                0x00002274       0x20 ./ra_gen/vector_data.o
                0x00002274                g_interrupt_event_link_select
 .rodata.g_ioport_on_ioport
                0x00002294       0x34 ./ra/fsp/src/r_ioport/r_ioport.o
                0x00002294                g_ioport_on_ioport
 .rodata.g_prcr_masks
                0x000022c8        0x8 ./ra/fsp/src/bsp/mcu/all/bsp_register_protection.o
                0x000022d0                __usb_dev_descriptor_start_fs = .
 *(.usb_device_desc_fs*)
                0x000022d0                __usb_cfg_descriptor_start_fs = .
 *(.usb_config_desc_fs*)
                0x000022d0                __usb_interface_descriptor_start_fs = .
 *(.usb_interface_desc_fs*)
                0x000022d0                __usb_descriptor_end_fs = .
                0x000022d0                __usb_dev_descriptor_start_hs = .
 *(.usb_device_desc_hs*)
                0x000022d0                __usb_cfg_descriptor_start_hs = .
 *(.usb_config_desc_hs*)
                0x000022d0                __usb_interface_descriptor_start_hs = .
 *(.usb_interface_desc_hs*)
                0x000022d0                __usb_descriptor_end_hs = .
 *(.eh_frame*)
 .eh_frame      0x000022d0        0x0 c:/program files (x86)/gnu arm embedded toolchain/10 2021.10/bin/../lib/gcc/arm-none-eabi/10.3.1/thumb/v8-m.base/nofp/crtbegin.o
 .eh_frame      0x000022d0        0x4 c:/program files (x86)/gnu arm embedded toolchain/10 2021.10/bin/../lib/gcc/arm-none-eabi/10.3.1/thumb/v8-m.base/nofp/crtend.o
                0x000022d4                __ROM_End = .
                0x000000c0                __Vectors_Size = (__Vectors_End - __Vectors)

.glue_7         0x000022d4        0x0
 .glue_7        0x000022d4        0x0 linker stubs

.glue_7t        0x000022d4        0x0
 .glue_7t       0x000022d4        0x0 linker stubs

.vfp11_veneer   0x000022d4        0x0
 .vfp11_veneer  0x000022d4        0x0 linker stubs

.v4_bx          0x000022d4        0x0
 .v4_bx         0x000022d4        0x0 linker stubs

.iplt           0x000022d4        0x0
 .iplt          0x000022d4        0x0 c:/program files (x86)/gnu arm embedded toolchain/10 2021.10/bin/../lib/gcc/arm-none-eabi/10.3.1/thumb/v8-m.base/nofp/crtbegin.o
                0x000022d4                . = .
                0x000022d4                __itcm_data_pre_location = .

.itcm_data      0x00000000        0x0 load address 0x000022e0
                0x00000000                __tz_ITCM_S = ABSOLUTE (ITCM_START)
                0x00000000                __itcm_data_start = .
 *(.itcm_data*)
                0x00000000                . = ALIGN (0x8)
                0x00000000                __itcm_data_end = .
                0x00000000                __tz_ITCM_N = DEFINED (ITCM_NS_START)?ABSOLUTE (ITCM_NS_START):ALIGN (__itcm_data_end, 0x2000)
                0x000022e0                __itcm_data_init_start = LOADADDR (.itcm_data)
                0x000022e0                __itcm_data_init_end = (LOADADDR (.itcm_data) + SIZEOF (.itcm_data))
                0x00000001                ASSERT (((ORIGIN (ITCM) % 0x8) == 0x0), ITCM memory region origin must be aligned to 8 bytes.)
                0x00000001                ASSERT (((LENGTH (ITCM) % 0x8) == 0x0), ITCM memory region length must be a multiple of 8 bytes.)
                0x00000001                ASSERT (((LOADADDR (.itcm_data) % 0x10) == 0x0), .itcm_data section must be aligned to 16 bytes.)
                0x00000001                ASSERT (((SIZEOF (.itcm_data) % 0x8) == 0x0), .itcm_data section size must be a multiple of 8 bytes.)
                0x000022d4                . = (SIZEOF (.itcm_data) > 0x0)?__itcm_data_init_end:__itcm_data_pre_location
                0x000022d4                __exidx_start = .

/DISCARD/
 *(.ARM.extab* .gnu.linkonce.armextab.*)
 *(.ARM.exidx* .gnu.linkonce.armexidx.*)
                0x000022d4                __exidx_end = .
                0x000022d4                __etext = .
                0x20004000                __tz_RAM_S = ORIGIN (RAM)

.fsp_dtc_vector_table
                0x20004000        0x0
                0x20004000                . = ORIGIN (RAM)
 *(.fsp_dtc_vector_table)

.data           0x20004000       0xbc load address 0x000022d4
                0x20004000                __data_start__ = .
                0x20004000                . = ALIGN (0x4)
                0x20004000                __Code_In_RAM_Start = .
 *(.code_in_ram*)
                0x20004000                __Code_In_RAM_End = .
 *(vtable)
 *(.data.*)
 .data.modbusSlaveDefaultFunctions
                0x20004000       0x50 ./src/adapters/modbus_server.o
                0x20004000                modbusSlaveDefaultFunctions
 .data._impure_ptr
                0x20004050        0x4 c:/program files (x86)/gnu arm embedded toolchain/10 2021.10/bin/../lib/gcc/arm-none-eabi/10.3.1/../../../../arm-none-eabi/lib/thumb/v8-m.base/nofp\libg_nano.a(lib_a-impure.o)
                0x20004050                _impure_ptr
 .data.impure_data
                0x20004054       0x60 c:/program files (x86)/gnu arm embedded toolchain/10 2021.10/bin/../lib/gcc/arm-none-eabi/10.3.1/../../../../arm-none-eabi/lib/thumb/v8-m.base/nofp\libg_nano.a(lib_a-impure.o)
 *(.data)
                0x200040b4                . = ALIGN (0x4)
                0x200040b4                PROVIDE (__preinit_array_start = .)
 *(.preinit_array)
                0x200040b4                PROVIDE (__preinit_array_end = .)
                0x200040b4                . = ALIGN (0x4)
                0x200040b4                PROVIDE (__init_array_start = .)
 *(SORT_BY_NAME(.init_array.*))
 *(.init_array)
 .init_array    0x200040b4        0x4 c:/program files (x86)/gnu arm embedded toolchain/10 2021.10/bin/../lib/gcc/arm-none-eabi/10.3.1/thumb/v8-m.base/nofp/crtbegin.o
                0x200040b8                PROVIDE (__init_array_end = .)
                0x200040b8                . = ALIGN (0x4)
                [!provide]                PROVIDE (__fini_array_start = .)
 *(SORT_BY_NAME(.fini_array.*))
 *(.fini_array)
 .fini_array    0x200040b8        0x4 c:/program files (x86)/gnu arm embedded toolchain/10 2021.10/bin/../lib/gcc/arm-none-eabi/10.3.1/thumb/v8-m.base/nofp/crtbegin.o
                [!provide]                PROVIDE (__fini_array_end = .)
 *(.jcr*)
                0x200040bc                . = ALIGN (0x4)
                0x200040bc                __data_end__ = .

.igot.plt       0x200040bc        0x0 load address 0x00002390
 .igot.plt      0x200040bc        0x0 c:/program files (x86)/gnu arm embedded toolchain/10 2021.10/bin/../lib/gcc/arm-none-eabi/10.3.1/thumb/v8-m.base/nofp/crtbegin.o
                0x200040bc                . = .
                0x00002390                __dtcm_data_pre_location = (LOADADDR (.data) + SIZEOF (.data))

.dtcm_data      0x00000000        0x0 load address 0x00002390
                0x00000000                __tz_DTCM_S = ABSOLUTE (DTCM_START)
                0x00000000                __dtcm_data_start = .
 *(.dtcm_data*)
                0x00000000                . = ALIGN (0x8)
                0x00000000                __dtcm_data_end = .
                0x00000000                . = __dtcm_data_end

.dtcm_bss       0x00000000        0x0
                0x00000000                __dtcm_bss_start = .
 *(.dtcm_bss*)
                0x00000000                . = ALIGN (0x8)
                0x00000000                __dtcm_bss_end = .
                0x00000000                __tz_DTCM_N = DEFINED (DTCM_NS_START)?ABSOLUTE (DTCM_NS_START):ALIGN (__dtcm_bss_end, 0x2000)
                0x00002390                __dtcm_data_init_start = LOADADDR (.dtcm_data)
                0x00002390                __dtcm_data_init_end = (LOADADDR (.dtcm_data) + SIZEOF (.dtcm_data))
                0x00000001                ASSERT (((ORIGIN (DTCM) % 0x8) == 0x0), DTCM memory region origin must be aligned to 8 bytes.)
                0x00000001                ASSERT (((LENGTH (DTCM) % 0x8) == 0x0), DTCM memory region length must be a multiple of 8 bytes.)
                0x00000001                ASSERT ((LOADADDR (.dtcm_bss) == ADDR (.dtcm_bss)), .dtcm_bss has (VMA != LMA) but should be NOLOAD (VMA == LMA).)
                0x00000001                ASSERT (((LOADADDR (.dtcm_data) % 0x10) == 0x0), .dtcm_data section must be aligned to 16 bytes.)
                0x00000001                ASSERT (((SIZEOF (.dtcm_data) % 0x8) == 0x0), .dtcm_data section size must be a multiple of 8 bytes.)
                0x00000001                ASSERT (((LOADADDR (.dtcm_bss) % 0x8) == 0x0), .dtcm_bss section must be aligned to 8 bytes.)
                0x00000001                ASSERT (((SIZEOF (.dtcm_bss) % 0x8) == 0x0), .dtcm_bss section size must be a multiple of 8 bytes.)
                0x00000001                ASSERT ((__dtcm_bss_start == __dtcm_data_end), .dtcm_bss section is not adjacent to .dtcm_data section.)
                0x00002390                . = (SIZEOF (.dtcm_data) > 0x0)?__dtcm_data_init_end:__dtcm_data_pre_location
                0x00002390                sgstubs_pre_location = .
                0x00002400                SGSTUBS_LOC = (DEFINED (PROJECT_SECURE) && DEFINED (FLASH_NSC_START))?ABSOLUTE (FLASH_NSC_START):ALIGN (0x400)

.gnu.sgstubs    0x00002400        0x0
                0x00002400                __tz_FLASH_C = DEFINED (FLASH_NSC_START)?ABSOLUTE (FLASH_NSC_START):__RESERVE_NS_RAM?ABSOLUTE ((FLASH_START + FLASH_LENGTH)):ALIGN (0x400)
                0x00002400                _start_sg = .
 *(.gnu.sgstubs*)
                0x00002400                . = ALIGN (0x20)
                0x00002400                _end_sg = .
                0x00004000                __tz_FLASH_N = DEFINED (FLASH_NS_START)?ABSOLUTE (FLASH_NS_START):__RESERVE_NS_RAM?ABSOLUTE ((FLASH_START + FLASH_LENGTH)):(FLASH_LENGTH < 0x8000)?FLASH_LENGTH:ALIGN (0x8000)
                0x00004000                FLASH_NS_IMAGE_START = DEFINED (FLASH_NS_IMAGE_START)?FLASH_NS_IMAGE_START:__tz_FLASH_N
                0x60000000                __tz_QSPI_FLASH_S = ORIGIN (QSPI_FLASH)

.qspi_flash     0x60000000        0x0
                0x60000000                __qspi_flash_start__ = .
 *(.qspi_flash*)
 *(.code_in_qspi*)
                0x60000000                __qspi_flash_end__ = .
                0x00000000                __qspi_flash_code_size__ = (__qspi_flash_end__ - __qspi_flash_start__)
                0x00002390                __qspi_flash_code_addr__ = sgstubs_pre_location

.qspi_non_retentive
                0x60000000        0x0 load address 0x00002390
                0x60000000                __qspi_non_retentive_start__ = .
 *(.qspi_non_retentive*)
                0x60000000                __qspi_non_retentive_end__ = .
                0x00000000                __qspi_non_retentive_size__ = (__qspi_non_retentive_end__ - __qspi_non_retentive_start__)
                0x04000000                __qspi_region_max_size__ = 0x4000000
                0x60000000                __qspi_region_start_address__ = __qspi_flash_start__
                0x64000000                __qspi_region_end_address__ = (__qspi_flash_start__ + __qspi_region_max_size__)
                0x60000000                __tz_QSPI_FLASH_N = __qspi_non_retentive_end__

.OSPI_DEVICE_0_NO_LOAD
                0x80020000        0x0
                0x80020000                . = ALIGN (0x4)
                0x80020000                __ospi_device_0_start__ = .
 *(.ospi_device_0_no_load*)
                0x80020000                . = ALIGN (0x4)
                0x80020000                __ospi_device_0_end__ = .

.OSPI_DEVICE_1_NO_LOAD
                0x80030000        0x0
                0x80030000                . = ALIGN (0x4)
                0x80030000                __ospi_device_1_start__ = .
 *(.ospi_device_1_no_load*)
                0x80030000                . = ALIGN (0x4)
                0x80030000                __ospi_device_1_end__ = .
                0x80020000                __tz_OSPI_DEVICE_0_S = ORIGIN (OSPI_DEVICE_0)

.OSPI_DEVICE_0  0x80020000        0x0
                0x80020000                __ospi_device_0_start__ = .
 *(.ospi_device_0*)
 *(.code_in_ospi_device_0*)
                0x80020000                __ospi_device_0_end__ = .
                0x00000000                __ospi_device_0_code_size__ = (__ospi_device_0_end__ - __ospi_device_0_start__)
                0x00002390                __ospi_device_0_code_addr__ = (sgstubs_pre_location + SIZEOF (.qspi_non_retentive))

.ospi_device_0_non_retentive
                0x80020000        0x0 load address 0x00002390
                0x80020000                __ospi_device_0_non_retentive_start__ = .
 *(.ospi_device_0_non_retentive*)
                0x80020000                __ospi_device_0_non_retentive_end__ = .
                0x00000000                __ospi_device_0_non_retentive_size__ = (__ospi_device_0_non_retentive_end__ - __ospi_device_0_non_retentive_start__)
                0x08000000                __ospi_device_0_region_max_size__ = 0x8000000
                0x80020000                __ospi_device_0_region_start_address__ = __ospi_device_0_start__
                0x88020000                __ospi_device_0_region_end_address__ = (__ospi_device_0_start__ + __ospi_device_0_region_max_size__)
                0x80020000                __tz_OSPI_DEVICE_0_N = __ospi_device_0_non_retentive_end__
                0x80030000                __tz_OSPI_DEVICE_1_S = ORIGIN (OSPI_DEVICE_1)

.OSPI_DEVICE_1  0x80030000        0x0
                0x80030000                __ospi_device_1_start__ = .
 *(.ospi_device_1*)
 *(.code_in_ospi_device_1*)
                0x80030000                __ospi_device_1_end__ = .
                0x00000000                __ospi_device_1_code_size__ = (__ospi_device_1_end__ - __ospi_device_1_start__)
                0x00002390                __ospi_device_1_code_addr__ = (sgstubs_pre_location + (SIZEOF (.qspi_non_retentive) + SIZEOF (.ospi_device_0_non_retentive)))

.ospi_device_1_non_retentive
                0x80030000        0x0 load address 0x00002390
                0x80030000                __ospi_device_1_non_retentive_start__ = .
 *(.ospi_device_1_non_retentive*)
                0x80030000                __ospi_device_1_non_retentive_end__ = .
                0x00000000                __ospi_device_1_non_retentive_size__ = (__ospi_device_1_non_retentive_end__ - __ospi_device_1_non_retentive_start__)
                0x10000000                __ospi_device_1_region_max_size__ = 0x10000000
                0x80030000                __ospi_device_1_region_start_address__ = __ospi_device_1_start__
                0x90030000                __ospi_device_1_region_end_address__ = (__ospi_device_1_start__ + __ospi_device_1_region_max_size__)
                0x80030000                __tz_OSPI_DEVICE_1_N = __ospi_device_1_non_retentive_end__

.noinit         0x200040bc       0x14
                0x200040bc                . = ALIGN (0x4)
                0x200040bc                __noinit_start = .
 *(.noinit*)
 .noinit        0x200040bc       0x14 ./ra/fsp/src/bsp/mcu/all/bsp_clocks.o
                0x200040d0                . = ALIGN (0x8)
 *(.heap.*)
                0x200040d0                __noinit_end = .

.bss            0x200040d0      0x264
                0x200040d0                . = ALIGN (0x4)
                0x200040d0                __bss_start__ = .
 *(.bss*)
 .bss           0x200040d0       0x1c c:/program files (x86)/gnu arm embedded toolchain/10 2021.10/bin/../lib/gcc/arm-none-eabi/10.3.1/thumb/v8-m.base/nofp/crtbegin.o
 .bss.blink.1   0x200040ec        0x1 ./src/bsp/heartbit.o
 *fill*         0x200040ed        0x3 
 .bss.timestamp.0
                0x200040f0        0x4 ./src/bsp/heartbit.o
 .bss.adc_end_flg
                0x200040f4        0x1 ./src/bsp/pressure.o
 *fill*         0x200040f5        0x3 
 .bss.receive_buffer
                0x200040f8       0xff ./src/bsp/rs485.o
 *fill*         0x200041f7        0x1 
 .bss.receive_index
                0x200041f8        0x4 ./src/bsp/rs485.o
 .bss.tick      0x200041fc        0x4 ./src/bsp/timers.o
 .bss.slave     0x20004200       0x24 ./src/adapters/modbus_server.o
 .bss.g_ioport_ctrl
                0x20004224        0x8 ./ra_gen/common_data.o
                0x20004224                g_ioport_ctrl
 .bss.g_adc0_ctrl
                0x2000422c       0x24 ./ra_gen/hal_data.o
                0x2000422c                g_adc0_ctrl
 .bss.g_bsp_group_irq_sources
                0x20004250       0x40 ./ra/fsp/src/bsp/mcu/all/bsp_group_irq.o
                0x20004250                g_bsp_group_irq_sources
 .bss.g_protect_pfswe_counter
                0x20004290        0x4 ./ra/fsp/src/bsp/mcu/all/bsp_io.o
                0x20004290                g_protect_pfswe_counter
 .bss.gp_renesas_isr_context
                0x20004294       0x80 ./ra/fsp/src/bsp/mcu/all/bsp_irq.o
                0x20004294                gp_renesas_isr_context
 .bss.g_protect_counters
                0x20004314        0x8 ./ra/fsp/src/bsp/mcu/all/bsp_register_protection.o
                0x20004314                g_protect_counters
 .bss.current_heap_end.0
                0x2000431c        0x4 ./ra/fsp/src/bsp/mcu/all/bsp_sbrk.o
 .bss.SystemCoreClock
                0x20004320        0x4 ./ra/fsp/src/bsp/cmsis/Device/RENESAS/Source/system.o
                0x20004320                SystemCoreClock
 .bss.__malloc_free_list
                0x20004324        0x4 c:/program files (x86)/gnu arm embedded toolchain/10 2021.10/bin/../lib/gcc/arm-none-eabi/10.3.1/../../../../arm-none-eabi/lib/thumb/v8-m.base/nofp\libg_nano.a(lib_a-nano-mallocr.o)
                0x20004324                __malloc_free_list
 .bss.__malloc_sbrk_start
                0x20004328        0x4 c:/program files (x86)/gnu arm embedded toolchain/10 2021.10/bin/../lib/gcc/arm-none-eabi/10.3.1/../../../../arm-none-eabi/lib/thumb/v8-m.base/nofp\libg_nano.a(lib_a-nano-mallocr.o)
                0x20004328                __malloc_sbrk_start
 .bss.errno     0x2000432c        0x4 c:/program files (x86)/gnu arm embedded toolchain/10 2021.10/bin/../lib/gcc/arm-none-eabi/10.3.1/../../../../arm-none-eabi/lib/thumb/v8-m.base/nofp\libg_nano.a(lib_a-reent.o)
                0x2000432c                errno
 .bss.__lock___malloc_recursive_mutex
                0x20004330        0x1 c:/program files (x86)/gnu arm embedded toolchain/10 2021.10/bin/../lib/gcc/arm-none-eabi/10.3.1/../../../../arm-none-eabi/lib/thumb/v8-m.base/nofp\libg_nano.a(lib_a-lock.o)
                0x20004330                __lock___malloc_recursive_mutex
 *(COMMON)
                0x20004334                . = ALIGN (0x4)
 *fill*         0x20004331        0x3 
                0x20004334                __bss_end__ = .

.heap           0x20004334        0x4
                0x20004338                . = ALIGN (0x8)
 *fill*         0x20004334        0x4 
                0x20004338                __HeapBase = .
 *(.heap)
                0x20004338                __HeapLimit = .

.stack_dummy    0x20004338      0x400
                0x20004338                . = ALIGN (0x8)
                0x20004338                __StackLimit = .
 *(.stack)
 .stack         0x20004338      0x400 ./ra/fsp/src/bsp/cmsis/Device/RENESAS/Source/startup.o
                0x20004738                __StackTop = .
 *(.stack*)
                0x20004738                __StackTopAll = .
                0x20004738                PROVIDE (__stack = __StackTopAll)
                0x20004738                __RAM_segment_used_end__ = ALIGN (__StackTopAll, 0x4)
                0x20004800                __tz_RAM_C = DEFINED (RAM_NSC_START)?ABSOLUTE ((RAM_NSC_START - RAM_NS_BUFFER_BLOCK_LENGTH)):__RESERVE_NS_RAM?ABSOLUTE (RAM_NS_BUFFER_BLOCK_START):ALIGN (__RAM_segment_used_end__, 0x400)
                0x20006000                __tz_RAM_N = DEFINED (RAM_NS_START)?ABSOLUTE ((RAM_NS_START - RAM_NS_BUFFER_BLOCK_LENGTH)):__RESERVE_NS_RAM?ABSOLUTE (RAM_NS_BUFFER_BLOCK_START):ALIGN (__tz_RAM_C, 0x2000)

.ns_buffer      0x20004738        0x0
                0x20004738                . = __RESERVE_NS_RAM?ABSOLUTE ((RAM_NS_BUFFER_START & 0xffffffe0)):.
 *(.ns_buffer*)

.data_flash     0x40100000        0x0
                0x40100000                . = ORIGIN (DATA_FLASH)
                0x40100000                __tz_DATA_FLASH_S = .
                0x40100000                __Data_Flash_Start = .
 *(.data_flash*)
                0x40100000                __Data_Flash_End = .
                0x40100000                __tz_DATA_FLASH_N = DEFINED (DATA_FLASH_NS_START)?ABSOLUTE (DATA_FLASH_NS_START):__RESERVE_NS_RAM?ABSOLUTE ((DATA_FLASH_START + DATA_FLASH_LENGTH)):ALIGN (0x400)
                0x80010000                __tz_SDRAM_S = ORIGIN (SDRAM)

.sdram          0x80010000        0x0
                0x80010000                __SDRAM_Start = .
 *(.sdram*)
 *(.frame*)
                0x80010000                __SDRAM_End = .
                0x80010000                __tz_SDRAM_N = __SDRAM_End
                0x01010018                __tz_ID_CODE_S = ORIGIN (ID_CODE)
                0x01010018                __tz_ID_CODE_N = __tz_ID_CODE_S

.id_code        0x01010018       0x1c
                0x01010018                __ID_Code_Start = .
 *(.id_code*)
 .id_code       0x01010018       0x1c ./ra/fsp/src/bsp/mcu/all/bsp_rom_registers.o
                0x01010034                __ID_Code_End = .
                0x00000000                __tz_OPTION_SETTING_S = ORIGIN (OPTION_SETTING_OFS)

.rel.dyn        0x01010034        0x0
 .rel.iplt      0x01010034        0x0 c:/program files (x86)/gnu arm embedded toolchain/10 2021.10/bin/../lib/gcc/arm-none-eabi/10.3.1/thumb/v8-m.base/nofp/crtbegin.o

.option_setting_ofs
                0x00000000        0x0
                0x00000000                __OPTION_SETTING_OFS_Start = .
 *(.option_setting_ofs0)
                0x00000000                . = PROJECT_SECURE_OR_FLAT?(__OPTION_SETTING_OFS_Start + 0x4):__OPTION_SETTING_OFS_Start
 *(.option_setting_ofs2)
                0x00000000                . = PROJECT_SECURE_OR_FLAT?(__OPTION_SETTING_OFS_Start + 0x10):__OPTION_SETTING_OFS_Start
 *(.option_setting_dualsel)
                0x00000000                __OPTION_SETTING_OFS_End = .

.option_setting_sas
                0x00000034        0x0
                0x00000034                __OPTION_SETTING_SAS_Start = .
 *(.option_setting_sas)
                0x00000034                __OPTION_SETTING_SAS_End = .
                0x00000080                __tz_OPTION_SETTING_N = ABSOLUTE (OPTION_SETTING_START_NS)

.option_setting_ns
                0x00000000        0x0
                0x00000000                __OPTION_SETTING_NS_Start = .
 *(.option_setting_ofs1)
                0x00000000                . = USE_OPTION_SETTING_NS?(__OPTION_SETTING_NS_Start + 0x4):__OPTION_SETTING_NS_Start
 *(.option_setting_ofs3)
                0x00000000                . = USE_OPTION_SETTING_NS?(__OPTION_SETTING_NS_Start + 0x10):__OPTION_SETTING_NS_Start
 *(.option_setting_banksel)
                0x00000000                . = USE_OPTION_SETTING_NS?(__OPTION_SETTING_NS_Start + 0x40):__OPTION_SETTING_NS_Start
 *(.option_setting_bps0)
                0x00000000                . = USE_OPTION_SETTING_NS?(__OPTION_SETTING_NS_Start + 0x44):__OPTION_SETTING_NS_Start
 *(.option_setting_bps1)
                0x00000000                . = USE_OPTION_SETTING_NS?(__OPTION_SETTING_NS_Start + 0x48):__OPTION_SETTING_NS_Start
 *(.option_setting_bps2)
                0x00000000                . = USE_OPTION_SETTING_NS?(__OPTION_SETTING_NS_Start + 0x4c):__OPTION_SETTING_NS_Start
 *(.option_setting_bps3)
                0x00000000                . = USE_OPTION_SETTING_NS?(__OPTION_SETTING_NS_Start + 0x60):__OPTION_SETTING_NS_Start
 *(.option_setting_pbps0)
                0x00000000                . = USE_OPTION_SETTING_NS?(__OPTION_SETTING_NS_Start + 0x64):__OPTION_SETTING_NS_Start
 *(.option_setting_pbps1)
                0x00000000                . = USE_OPTION_SETTING_NS?(__OPTION_SETTING_NS_Start + 0x68):__OPTION_SETTING_NS_Start
 *(.option_setting_pbps2)
                0x00000000                . = USE_OPTION_SETTING_NS?(__OPTION_SETTING_NS_Start + 0x6c):__OPTION_SETTING_NS_Start
 *(.option_setting_pbps3)
                0x00000000                __OPTION_SETTING_NS_End = .
                0x80000000                __tz_OPTION_SETTING_S_S = ORIGIN (OPTION_SETTING_S)

.option_setting_s
                0x80000000        0x0
                0x80000000                __OPTION_SETTING_S_Start = .
 *(.option_setting_ofs1_sec)
                0x80000000                . = PROJECT_SECURE_OR_FLAT?(__OPTION_SETTING_S_Start + 0x4):__OPTION_SETTING_S_Start
 *(.option_setting_ofs3_sec)
                0x80000000                . = PROJECT_SECURE_OR_FLAT?(__OPTION_SETTING_S_Start + 0x10):__OPTION_SETTING_S_Start
 *(.option_setting_banksel_sec)
                0x80000000                . = PROJECT_SECURE_OR_FLAT?(__OPTION_SETTING_S_Start + 0x40):__OPTION_SETTING_S_Start
 *(.option_setting_bps_sec0)
                0x80000000                . = PROJECT_SECURE_OR_FLAT?(__OPTION_SETTING_S_Start + 0x44):__OPTION_SETTING_S_Start
 *(.option_setting_bps_sec1)
                0x80000000                . = PROJECT_SECURE_OR_FLAT?(__OPTION_SETTING_S_Start + 0x48):__OPTION_SETTING_S_Start
 *(.option_setting_bps_sec2)
                0x80000000                . = PROJECT_SECURE_OR_FLAT?(__OPTION_SETTING_S_Start + 0x4c):__OPTION_SETTING_S_Start
 *(.option_setting_bps_sec3)
                0x80000000                . = PROJECT_SECURE_OR_FLAT?(__OPTION_SETTING_S_Start + 0x60):__OPTION_SETTING_S_Start
 *(.option_setting_pbps_sec0)
                0x80000000                . = PROJECT_SECURE_OR_FLAT?(__OPTION_SETTING_S_Start + 0x64):__OPTION_SETTING_S_Start
 *(.option_setting_pbps_sec1)
                0x80000000                . = PROJECT_SECURE_OR_FLAT?(__OPTION_SETTING_S_Start + 0x68):__OPTION_SETTING_S_Start
 *(.option_setting_pbps_sec2)
                0x80000000                . = PROJECT_SECURE_OR_FLAT?(__OPTION_SETTING_S_Start + 0x6c):__OPTION_SETTING_S_Start
 *(.option_setting_pbps_sec3)
                0x80000000                . = PROJECT_SECURE_OR_FLAT?(__OPTION_SETTING_S_Start + 0x80):__OPTION_SETTING_S_Start
 *(.option_setting_ofs1_sel)
                0x80000000                . = PROJECT_SECURE_OR_FLAT?(__OPTION_SETTING_S_Start + 0x84):__OPTION_SETTING_S_Start
 *(.option_setting_ofs3_sel)
                0x80000000                . = PROJECT_SECURE_OR_FLAT?(__OPTION_SETTING_S_Start + 0x90):__OPTION_SETTING_S_Start
 *(.option_setting_banksel_sel)
                0x80000000                . = PROJECT_SECURE_OR_FLAT?(__OPTION_SETTING_S_Start + 0xc0):__OPTION_SETTING_S_Start
 *(.option_setting_bps_sel0)
                0x80000000                . = PROJECT_SECURE_OR_FLAT?(__OPTION_SETTING_S_Start + 0xc4):__OPTION_SETTING_S_Start
 *(.option_setting_bps_sel1)
                0x80000000                . = PROJECT_SECURE_OR_FLAT?(__OPTION_SETTING_S_Start + 0xc8):__OPTION_SETTING_S_Start
 *(.option_setting_bps_sel2)
                0x80000000                . = PROJECT_SECURE_OR_FLAT?(__OPTION_SETTING_S_Start + 0xcc):__OPTION_SETTING_S_Start
 *(.option_setting_bps_sel3)
                0x80000000                __OPTION_SETTING_S_End = .
                0x80000000                __tz_OPTION_SETTING_S_N = __OPTION_SETTING_S_End
OUTPUT(caldaia_rotondi.elf elf32-littlearm)
LOAD linker stubs

.ARM.attributes
                0x00000000       0x2c
 .ARM.attributes
                0x00000000       0x22 c:/program files (x86)/gnu arm embedded toolchain/10 2021.10/bin/../lib/gcc/arm-none-eabi/10.3.1/thumb/v8-m.base/nofp/crti.o
 .ARM.attributes
                0x00000022       0x30 c:/program files (x86)/gnu arm embedded toolchain/10 2021.10/bin/../lib/gcc/arm-none-eabi/10.3.1/thumb/v8-m.base/nofp/crtbegin.o
 .ARM.attributes
                0x00000052       0x30 ./src/controller/controller.o
 .ARM.attributes
                0x00000082       0x30 ./src/bsp/heartbit.o
 .ARM.attributes
                0x000000b2       0x30 ./src/bsp/pressure.o
 .ARM.attributes
                0x000000e2       0x30 ./src/bsp/rs485.o
 .ARM.attributes
                0x00000112       0x30 ./src/bsp/timers.o
 .ARM.attributes
                0x00000142       0x30 ./src/adapters/modbus_server.o
 .ARM.attributes
                0x00000172       0x30 ./src/hal_entry.o
 .ARM.attributes
                0x000001a2       0x30 ./ra_gen/common_data.o
 .ARM.attributes
                0x000001d2       0x30 ./ra_gen/hal_data.o
 .ARM.attributes
                0x00000202       0x30 ./ra_gen/main.o
 .ARM.attributes
                0x00000232       0x30 ./ra_gen/pin_data.o
 .ARM.attributes
                0x00000262       0x30 ./ra_gen/vector_data.o
 .ARM.attributes
                0x00000292       0x30 ./ra/fsp/src/r_sci_uart/r_sci_uart.o
 .ARM.attributes
                0x000002c2       0x30 ./ra/fsp/src/r_ioport/r_ioport.o
 .ARM.attributes
                0x000002f2       0x30 ./ra/fsp/src/r_adc/r_adc.o
 .ARM.attributes
                0x00000322       0x30 ./ra/fsp/src/bsp/mcu/all/bsp_clocks.o
 .ARM.attributes
                0x00000352       0x30 ./ra/fsp/src/bsp/mcu/all/bsp_common.o
 .ARM.attributes
                0x00000382       0x30 ./ra/fsp/src/bsp/mcu/all/bsp_delay.o
 .ARM.attributes
                0x000003b2       0x30 ./ra/fsp/src/bsp/mcu/all/bsp_group_irq.o
 .ARM.attributes
                0x000003e2       0x30 ./ra/fsp/src/bsp/mcu/all/bsp_io.o
 .ARM.attributes
                0x00000412       0x30 ./ra/fsp/src/bsp/mcu/all/bsp_irq.o
 .ARM.attributes
                0x00000442       0x30 ./ra/fsp/src/bsp/mcu/all/bsp_register_protection.o
 .ARM.attributes
                0x00000472       0x30 ./ra/fsp/src/bsp/mcu/all/bsp_rom_registers.o
 .ARM.attributes
                0x000004a2       0x30 ./ra/fsp/src/bsp/mcu/all/bsp_sbrk.o
 .ARM.attributes
                0x000004d2       0x30 ./ra/fsp/src/bsp/cmsis/Device/RENESAS/Source/startup.o
 .ARM.attributes
                0x00000502       0x30 ./ra/fsp/src/bsp/cmsis/Device/RENESAS/Source/system.o
 .ARM.attributes
                0x00000532       0x22 c:/program files (x86)/gnu arm embedded toolchain/10 2021.10/bin/../lib/gcc/arm-none-eabi/10.3.1/thumb/v8-m.base/nofp\libgcc.a(_clzsi2.o)
 .ARM.attributes
                0x00000554       0x30 c:/program files (x86)/gnu arm embedded toolchain/10 2021.10/bin/../lib/gcc/arm-none-eabi/10.3.1/thumb/v8-m.base/nofp\libgcc.a(_muldi3.o)
 .ARM.attributes
                0x00000584       0x30 c:/program files (x86)/gnu arm embedded toolchain/10 2021.10/bin/../lib/gcc/arm-none-eabi/10.3.1/../../../../arm-none-eabi/lib/thumb/v8-m.base/nofp\libg_nano.a(lib_a-errno.o)
 .ARM.attributes
                0x000005b4       0x30 c:/program files (x86)/gnu arm embedded toolchain/10 2021.10/bin/../lib/gcc/arm-none-eabi/10.3.1/../../../../arm-none-eabi/lib/thumb/v8-m.base/nofp\libg_nano.a(lib_a-impure.o)
 .ARM.attributes
                0x000005e4       0x30 c:/program files (x86)/gnu arm embedded toolchain/10 2021.10/bin/../lib/gcc/arm-none-eabi/10.3.1/../../../../arm-none-eabi/lib/thumb/v8-m.base/nofp\libg_nano.a(lib_a-malloc.o)
 .ARM.attributes
                0x00000614       0x30 c:/program files (x86)/gnu arm embedded toolchain/10 2021.10/bin/../lib/gcc/arm-none-eabi/10.3.1/../../../../arm-none-eabi/lib/thumb/v8-m.base/nofp\libg_nano.a(lib_a-memcpy-stub.o)
 .ARM.attributes
                0x00000644       0x30 c:/program files (x86)/gnu arm embedded toolchain/10 2021.10/bin/../lib/gcc/arm-none-eabi/10.3.1/../../../../arm-none-eabi/lib/thumb/v8-m.base/nofp\libg_nano.a(lib_a-memset.o)
 .ARM.attributes
                0x00000674       0x30 c:/program files (x86)/gnu arm embedded toolchain/10 2021.10/bin/../lib/gcc/arm-none-eabi/10.3.1/../../../../arm-none-eabi/lib/thumb/v8-m.base/nofp\libg_nano.a(lib_a-nano-freer.o)
 .ARM.attributes
                0x000006a4       0x30 c:/program files (x86)/gnu arm embedded toolchain/10 2021.10/bin/../lib/gcc/arm-none-eabi/10.3.1/../../../../arm-none-eabi/lib/thumb/v8-m.base/nofp\libg_nano.a(lib_a-nano-mallocr.o)
 .ARM.attributes
                0x000006d4       0x30 c:/program files (x86)/gnu arm embedded toolchain/10 2021.10/bin/../lib/gcc/arm-none-eabi/10.3.1/../../../../arm-none-eabi/lib/thumb/v8-m.base/nofp\libg_nano.a(lib_a-realloc.o)
 .ARM.attributes
                0x00000704       0x30 c:/program files (x86)/gnu arm embedded toolchain/10 2021.10/bin/../lib/gcc/arm-none-eabi/10.3.1/../../../../arm-none-eabi/lib/thumb/v8-m.base/nofp\libg_nano.a(lib_a-sbrkr.o)
 .ARM.attributes
                0x00000734       0x30 c:/program files (x86)/gnu arm embedded toolchain/10 2021.10/bin/../lib/gcc/arm-none-eabi/10.3.1/../../../../arm-none-eabi/lib/thumb/v8-m.base/nofp\libg_nano.a(lib_a-mlock.o)
 .ARM.attributes
                0x00000764       0x30 c:/program files (x86)/gnu arm embedded toolchain/10 2021.10/bin/../lib/gcc/arm-none-eabi/10.3.1/../../../../arm-none-eabi/lib/thumb/v8-m.base/nofp\libg_nano.a(lib_a-nano-reallocr.o)
 .ARM.attributes
                0x00000794       0x30 c:/program files (x86)/gnu arm embedded toolchain/10 2021.10/bin/../lib/gcc/arm-none-eabi/10.3.1/../../../../arm-none-eabi/lib/thumb/v8-m.base/nofp\libg_nano.a(lib_a-reent.o)
 .ARM.attributes
                0x000007c4       0x30 c:/program files (x86)/gnu arm embedded toolchain/10 2021.10/bin/../lib/gcc/arm-none-eabi/10.3.1/../../../../arm-none-eabi/lib/thumb/v8-m.base/nofp\libg_nano.a(lib_a-lock.o)
 .ARM.attributes
                0x000007f4       0x30 c:/program files (x86)/gnu arm embedded toolchain/10 2021.10/bin/../lib/gcc/arm-none-eabi/10.3.1/../../../../arm-none-eabi/lib/thumb/v8-m.base/nofp\libg_nano.a(lib_a-nano-msizer.o)
 .ARM.attributes
                0x00000824       0x30 c:/program files (x86)/gnu arm embedded toolchain/10 2021.10/bin/../lib/gcc/arm-none-eabi/10.3.1/thumb/v8-m.base/nofp/crtend.o
 .ARM.attributes
                0x00000854       0x22 c:/program files (x86)/gnu arm embedded toolchain/10 2021.10/bin/../lib/gcc/arm-none-eabi/10.3.1/thumb/v8-m.base/nofp/crtn.o

.comment        0x00000000       0x49
 .comment       0x00000000       0x49 ./src/controller/controller.o
                                 0x4a (size before relaxing)
 .comment       0x00000049       0x4a ./src/bsp/heartbit.o
 .comment       0x00000049       0x4a ./src/bsp/pressure.o
 .comment       0x00000049       0x4a ./src/bsp/rs485.o
 .comment       0x00000049       0x4a ./src/bsp/timers.o
 .comment       0x00000049       0x4a ./src/adapters/modbus_server.o
 .comment       0x00000049       0x4a ./src/hal_entry.o
 .comment       0x00000049       0x4a ./ra_gen/common_data.o
 .comment       0x00000049       0x4a ./ra_gen/hal_data.o
 .comment       0x00000049       0x4a ./ra_gen/main.o
 .comment       0x00000049       0x4a ./ra_gen/pin_data.o
 .comment       0x00000049       0x4a ./ra_gen/vector_data.o
 .comment       0x00000049       0x4a ./ra/fsp/src/r_sci_uart/r_sci_uart.o
 .comment       0x00000049       0x4a ./ra/fsp/src/r_ioport/r_ioport.o
 .comment       0x00000049       0x4a ./ra/fsp/src/r_adc/r_adc.o
 .comment       0x00000049       0x4a ./ra/fsp/src/bsp/mcu/all/bsp_clocks.o
 .comment       0x00000049       0x4a ./ra/fsp/src/bsp/mcu/all/bsp_common.o
 .comment       0x00000049       0x4a ./ra/fsp/src/bsp/mcu/all/bsp_delay.o
 .comment       0x00000049       0x4a ./ra/fsp/src/bsp/mcu/all/bsp_group_irq.o
 .comment       0x00000049       0x4a ./ra/fsp/src/bsp/mcu/all/bsp_io.o
 .comment       0x00000049       0x4a ./ra/fsp/src/bsp/mcu/all/bsp_irq.o
 .comment       0x00000049       0x4a ./ra/fsp/src/bsp/mcu/all/bsp_register_protection.o
 .comment       0x00000049       0x4a ./ra/fsp/src/bsp/mcu/all/bsp_rom_registers.o
 .comment       0x00000049       0x4a ./ra/fsp/src/bsp/mcu/all/bsp_sbrk.o
 .comment       0x00000049       0x4a ./ra/fsp/src/bsp/cmsis/Device/RENESAS/Source/startup.o
 .comment       0x00000049       0x4a ./ra/fsp/src/bsp/cmsis/Device/RENESAS/Source/system.o

.debug_info     0x00000000    0x39f37
 .debug_info    0x00000000       0x7e ./src/controller/controller.o
 .debug_info    0x0000007e     0x1307 ./src/bsp/heartbit.o
 .debug_info    0x00001385     0x3971 ./src/bsp/pressure.o
 .debug_info    0x00004cf6     0x1484 ./src/bsp/rs485.o
 .debug_info    0x0000617a      0x4a0 ./src/bsp/timers.o
 .debug_info    0x0000661a     0x2e24 ./src/adapters/modbus_server.o
 .debug_info    0x0000943e     0x18d8 ./src/hal_entry.o
 .debug_info    0x0000ad16     0x123d ./ra_gen/common_data.o
 .debug_info    0x0000bf53     0x6f76 ./ra_gen/hal_data.o
 .debug_info    0x00012ec9       0xb8 ./ra_gen/main.o
 .debug_info    0x00012f81      0xa2b ./ra_gen/pin_data.o
 .debug_info    0x000139ac      0x6b1 ./ra_gen/vector_data.o
 .debug_info    0x0001405d     0x9b1b ./ra/fsp/src/r_sci_uart/r_sci_uart.o
 .debug_info    0x0001db78     0x2fa7 ./ra/fsp/src/r_ioport/r_ioport.o
 .debug_info    0x00020b1f     0xa2bb ./ra/fsp/src/r_adc/r_adc.o
 .debug_info    0x0002adda     0x5331 ./ra/fsp/src/bsp/mcu/all/bsp_clocks.o
 .debug_info    0x0003010b      0x955 ./ra/fsp/src/bsp/mcu/all/bsp_common.o
 .debug_info    0x00030a60      0x1f6 ./ra/fsp/src/bsp/mcu/all/bsp_delay.o
 .debug_info    0x00030c56     0x142b ./ra/fsp/src/bsp/mcu/all/bsp_group_irq.o
 .debug_info    0x00032081       0xb1 ./ra/fsp/src/bsp/mcu/all/bsp_io.o
 .debug_info    0x00032132     0x180f ./ra/fsp/src/bsp/mcu/all/bsp_irq.o
 .debug_info    0x00033941     0x3f57 ./ra/fsp/src/bsp/mcu/all/bsp_register_protection.o
 .debug_info    0x00037898       0xe4 ./ra/fsp/src/bsp/mcu/all/bsp_rom_registers.o
 .debug_info    0x0003797c      0x149 ./ra/fsp/src/bsp/mcu/all/bsp_sbrk.o
 .debug_info    0x00037ac5      0x14f ./ra/fsp/src/bsp/cmsis/Device/RENESAS/Source/startup.o
 .debug_info    0x00037c14     0x2323 ./ra/fsp/src/bsp/cmsis/Device/RENESAS/Source/system.o

.debug_abbrev   0x00000000     0x38f6
 .debug_abbrev  0x00000000       0x4e ./src/controller/controller.o
 .debug_abbrev  0x0000004e      0x19c ./src/bsp/heartbit.o
 .debug_abbrev  0x000001ea      0x283 ./src/bsp/pressure.o
 .debug_abbrev  0x0000046d      0x334 ./src/bsp/rs485.o
 .debug_abbrev  0x000007a1      0x1e4 ./src/bsp/timers.o
 .debug_abbrev  0x00000985      0x502 ./src/adapters/modbus_server.o
 .debug_abbrev  0x00000e87      0x206 ./src/hal_entry.o
 .debug_abbrev  0x0000108d      0x12e ./ra_gen/common_data.o
 .debug_abbrev  0x000011bb      0x2db ./ra_gen/hal_data.o
 .debug_abbrev  0x00001496       0x66 ./ra_gen/main.o
 .debug_abbrev  0x000014fc       0xf6 ./ra_gen/pin_data.o
 .debug_abbrev  0x000015f2       0x9e ./ra_gen/vector_data.o
 .debug_abbrev  0x00001690      0x552 ./ra/fsp/src/r_sci_uart/r_sci_uart.o
 .debug_abbrev  0x00001be2      0x3f8 ./ra/fsp/src/r_ioport/r_ioport.o
 .debug_abbrev  0x00001fda      0x5a7 ./ra/fsp/src/r_adc/r_adc.o
 .debug_abbrev  0x00002581      0x367 ./ra/fsp/src/bsp/mcu/all/bsp_clocks.o
 .debug_abbrev  0x000028e8      0x183 ./ra/fsp/src/bsp/mcu/all/bsp_common.o
 .debug_abbrev  0x00002a6b      0x10d ./ra/fsp/src/bsp/mcu/all/bsp_delay.o
 .debug_abbrev  0x00002b78      0x256 ./ra/fsp/src/bsp/mcu/all/bsp_group_irq.o
 .debug_abbrev  0x00002dce       0x5e ./ra/fsp/src/bsp/mcu/all/bsp_io.o
 .debug_abbrev  0x00002e2c      0x321 ./ra/fsp/src/bsp/mcu/all/bsp_irq.o
 .debug_abbrev  0x0000314d      0x252 ./ra/fsp/src/bsp/mcu/all/bsp_register_protection.o
 .debug_abbrev  0x0000339f       0x5f ./ra/fsp/src/bsp/mcu/all/bsp_rom_registers.o
 .debug_abbrev  0x000033fe       0xcc ./ra/fsp/src/bsp/mcu/all/bsp_sbrk.o
 .debug_abbrev  0x000034ca       0xe6 ./ra/fsp/src/bsp/cmsis/Device/RENESAS/Source/startup.o
 .debug_abbrev  0x000035b0      0x346 ./ra/fsp/src/bsp/cmsis/Device/RENESAS/Source/system.o

.debug_aranges  0x00000000      0x650
 .debug_aranges
                0x00000000       0x28 ./src/controller/controller.o
 .debug_aranges
                0x00000028       0x20 ./src/bsp/heartbit.o
 .debug_aranges
                0x00000048       0x28 ./src/bsp/pressure.o
 .debug_aranges
                0x00000070       0x40 ./src/bsp/rs485.o
 .debug_aranges
                0x000000b0       0x30 ./src/bsp/timers.o
 .debug_aranges
                0x000000e0       0xf8 ./src/adapters/modbus_server.o
 .debug_aranges
                0x000001d8       0x28 ./src/hal_entry.o
 .debug_aranges
                0x00000200       0x20 ./ra_gen/common_data.o
 .debug_aranges
                0x00000220       0x20 ./ra_gen/hal_data.o
 .debug_aranges
                0x00000240       0x20 ./ra_gen/main.o
 .debug_aranges
                0x00000260       0x18 ./ra_gen/pin_data.o
 .debug_aranges
                0x00000278       0x18 ./ra_gen/vector_data.o
 .debug_aranges
                0x00000290       0x98 ./ra/fsp/src/r_sci_uart/r_sci_uart.o
 .debug_aranges
                0x00000328       0x88 ./ra/fsp/src/r_ioport/r_ioport.o
 .debug_aranges
                0x000003b0       0xb0 ./ra/fsp/src/r_adc/r_adc.o
 .debug_aranges
                0x00000460       0x50 ./ra/fsp/src/bsp/mcu/all/bsp_clocks.o
 .debug_aranges
                0x000004b0       0x30 ./ra/fsp/src/bsp/mcu/all/bsp_common.o
 .debug_aranges
                0x000004e0       0x28 ./ra/fsp/src/bsp/mcu/all/bsp_delay.o
 .debug_aranges
                0x00000508       0x28 ./ra/fsp/src/bsp/mcu/all/bsp_group_irq.o
 .debug_aranges
                0x00000530       0x18 ./ra/fsp/src/bsp/mcu/all/bsp_io.o
 .debug_aranges
                0x00000548       0x58 ./ra/fsp/src/bsp/mcu/all/bsp_irq.o
 .debug_aranges
                0x000005a0       0x28 ./ra/fsp/src/bsp/mcu/all/bsp_register_protection.o
 .debug_aranges
                0x000005c8       0x18 ./ra/fsp/src/bsp/mcu/all/bsp_rom_registers.o
 .debug_aranges
                0x000005e0       0x20 ./ra/fsp/src/bsp/mcu/all/bsp_sbrk.o
 .debug_aranges
                0x00000600       0x28 ./ra/fsp/src/bsp/cmsis/Device/RENESAS/Source/startup.o
 .debug_aranges
                0x00000628       0x28 ./ra/fsp/src/bsp/cmsis/Device/RENESAS/Source/system.o

.debug_ranges   0x00000000     0x1698
 .debug_ranges  0x00000000       0x18 ./src/controller/controller.o
 .debug_ranges  0x00000018       0x10 ./src/bsp/heartbit.o
 .debug_ranges  0x00000028       0x40 ./src/bsp/pressure.o
 .debug_ranges  0x00000068       0x48 ./src/bsp/rs485.o
 .debug_ranges  0x000000b0       0x98 ./src/bsp/timers.o
 .debug_ranges  0x00000148      0xa78 ./src/adapters/modbus_server.o
 .debug_ranges  0x00000bc0       0x18 ./src/hal_entry.o
 .debug_ranges  0x00000bd8       0x10 ./ra_gen/common_data.o
 .debug_ranges  0x00000be8       0x10 ./ra_gen/hal_data.o
 .debug_ranges  0x00000bf8       0x10 ./ra_gen/main.o
 .debug_ranges  0x00000c08      0x3a0 ./ra/fsp/src/r_sci_uart/r_sci_uart.o
 .debug_ranges  0x00000fa8      0x150 ./ra/fsp/src/r_ioport/r_ioport.o
 .debug_ranges  0x000010f8      0x2c0 ./ra/fsp/src/r_adc/r_adc.o
 .debug_ranges  0x000013b8       0xf0 ./ra/fsp/src/bsp/mcu/all/bsp_clocks.o
 .debug_ranges  0x000014a8       0x20 ./ra/fsp/src/bsp/mcu/all/bsp_common.o
 .debug_ranges  0x000014c8       0x18 ./ra/fsp/src/bsp/mcu/all/bsp_delay.o
 .debug_ranges  0x000014e0       0x30 ./ra/fsp/src/bsp/mcu/all/bsp_group_irq.o
 .debug_ranges  0x00001510      0x100 ./ra/fsp/src/bsp/mcu/all/bsp_irq.o
 .debug_ranges  0x00001610       0x48 ./ra/fsp/src/bsp/mcu/all/bsp_register_protection.o
 .debug_ranges  0x00001658       0x10 ./ra/fsp/src/bsp/mcu/all/bsp_sbrk.o
 .debug_ranges  0x00001668       0x18 ./ra/fsp/src/bsp/cmsis/Device/RENESAS/Source/startup.o
 .debug_ranges  0x00001680       0x18 ./ra/fsp/src/bsp/cmsis/Device/RENESAS/Source/system.o

.debug_line     0x00000000     0x8ffc
 .debug_line    0x00000000       0xca ./src/controller/controller.o
 .debug_line    0x000000ca      0x2ff ./src/bsp/heartbit.o
 .debug_line    0x000003c9      0x392 ./src/bsp/pressure.o
 .debug_line    0x0000075b      0x42e ./src/bsp/rs485.o
 .debug_line    0x00000b89      0x341 ./src/bsp/timers.o
 .debug_line    0x00000eca     0x1fe3 ./src/adapters/modbus_server.o
 .debug_line    0x00002ead      0x3f8 ./src/hal_entry.o
 .debug_line    0x000032a5      0x299 ./ra_gen/common_data.o
 .debug_line    0x0000353e      0x363 ./ra_gen/hal_data.o
 .debug_line    0x000038a1       0x5e ./ra_gen/main.o
 .debug_line    0x000038ff      0x208 ./ra_gen/pin_data.o
 .debug_line    0x00003b07       0xf3 ./ra_gen/vector_data.o
 .debug_line    0x00003bfa     0x13c1 ./ra/fsp/src/r_sci_uart/r_sci_uart.o
 .debug_line    0x00004fbb      0xa42 ./ra/fsp/src/r_ioport/r_ioport.o
 .debug_line    0x000059fd     0x1222 ./ra/fsp/src/r_adc/r_adc.o
 .debug_line    0x00006c1f      0x69a ./ra/fsp/src/bsp/mcu/all/bsp_clocks.o
 .debug_line    0x000072b9      0x29c ./ra/fsp/src/bsp/mcu/all/bsp_common.o
 .debug_line    0x00007555      0x281 ./ra/fsp/src/bsp/mcu/all/bsp_delay.o
 .debug_line    0x000077d6      0x2f9 ./ra/fsp/src/bsp/mcu/all/bsp_group_irq.o
 .debug_line    0x00007acf      0x16c ./ra/fsp/src/bsp/mcu/all/bsp_io.o
 .debug_line    0x00007c3b      0x64d ./ra/fsp/src/bsp/mcu/all/bsp_irq.o
 .debug_line    0x00008288      0x3a3 ./ra/fsp/src/bsp/mcu/all/bsp_register_protection.o
 .debug_line    0x0000862b      0x121 ./ra/fsp/src/bsp/mcu/all/bsp_rom_registers.o
 .debug_line    0x0000874c      0x1ad ./ra/fsp/src/bsp/mcu/all/bsp_sbrk.o
 .debug_line    0x000088f9      0x1f0 ./ra/fsp/src/bsp/cmsis/Device/RENESAS/Source/startup.o
 .debug_line    0x00008ae9      0x513 ./ra/fsp/src/bsp/cmsis/Device/RENESAS/Source/system.o

.debug_str      0x00000000     0xe6c8
 .debug_str     0x00000000      0x16c ./src/controller/controller.o
 .debug_str     0x0000016c     0x3178 ./src/bsp/heartbit.o
                               0x3307 (size before relaxing)
 .debug_str     0x000032e4     0x1d65 ./src/bsp/pressure.o
                               0x3906 (size before relaxing)
 .debug_str     0x00005049      0x8fb ./src/bsp/rs485.o
                               0x25d2 (size before relaxing)
 .debug_str     0x00005944      0x106 ./src/bsp/timers.o
                                0x3c2 (size before relaxing)
 .debug_str     0x00005a4a      0x8dc ./src/adapters/modbus_server.o
                                0xb41 (size before relaxing)
 .debug_str     0x00006326      0x524 ./src/hal_entry.o
                               0x1dcf (size before relaxing)
 .debug_str     0x0000684a       0x39 ./ra_gen/common_data.o
                               0x3301 (size before relaxing)
 .debug_str     0x00006883     0x1f56 ./ra_gen/hal_data.o
                               0x765e (size before relaxing)
 .debug_str     0x000087d9       0x16 ./ra_gen/main.o
                                0x1bf (size before relaxing)
 .debug_str     0x000087ef      0x648 ./ra_gen/pin_data.o
                               0x1d4a (size before relaxing)
 .debug_str     0x00008e37     0x1b8d ./ra_gen/vector_data.o
                               0x1d26 (size before relaxing)
 .debug_str     0x0000a9c4     0x209b ./ra/fsp/src/r_sci_uart/r_sci_uart.o
                               0x68c6 (size before relaxing)
 .debug_str     0x0000ca5f      0x620 ./ra/fsp/src/r_ioport/r_ioport.o
                               0x3b04 (size before relaxing)
 .debug_str     0x0000d07f      0x5ed ./ra/fsp/src/r_adc/r_adc.o
                               0x704b (size before relaxing)
 .debug_str     0x0000d66c      0x538 ./ra/fsp/src/bsp/mcu/all/bsp_clocks.o
                               0x2344 (size before relaxing)
 .debug_str     0x0000dba4      0x10b ./ra/fsp/src/bsp/mcu/all/bsp_common.o
                               0x1c0c (size before relaxing)
 .debug_str     0x0000dcaf       0xb1 ./ra/fsp/src/bsp/mcu/all/bsp_delay.o
                                0x2f5 (size before relaxing)
 .debug_str     0x0000dd60      0x535 ./ra/fsp/src/bsp/mcu/all/bsp_group_irq.o
                               0x211d (size before relaxing)
 .debug_str     0x0000e295       0x23 ./ra/fsp/src/bsp/mcu/all/bsp_io.o
                                0x1e8 (size before relaxing)
 .debug_str     0x0000e2b8       0x6f ./ra/fsp/src/bsp/mcu/all/bsp_irq.o
                               0x2369 (size before relaxing)
 .debug_str     0x0000e327      0x12b ./ra/fsp/src/bsp/mcu/all/bsp_register_protection.o
                               0x1aca (size before relaxing)
 .debug_str     0x0000e452       0x51 ./ra/fsp/src/bsp/mcu/all/bsp_rom_registers.o
                                0x1fe (size before relaxing)
 .debug_str     0x0000e4a3       0x96 ./ra/fsp/src/bsp/mcu/all/bsp_sbrk.o
                                0x249 (size before relaxing)
 .debug_str     0x0000e539       0x82 ./ra/fsp/src/bsp/cmsis/Device/RENESAS/Source/startup.o
                                0x232 (size before relaxing)
 .debug_str     0x0000e5bb      0x10d ./ra/fsp/src/bsp/cmsis/Device/RENESAS/Source/system.o
                                0xf8b (size before relaxing)

.debug_frame    0x00000000     0x1060
 .debug_frame   0x00000000       0x40 ./src/controller/controller.o
 .debug_frame   0x00000040       0x30 ./src/bsp/heartbit.o
 .debug_frame   0x00000070       0x3c ./src/bsp/pressure.o
 .debug_frame   0x000000ac       0x84 ./src/bsp/rs485.o
 .debug_frame   0x00000130       0x40 ./src/bsp/timers.o
 .debug_frame   0x00000170      0x314 ./src/adapters/modbus_server.o
 .debug_frame   0x00000484       0x40 ./src/hal_entry.o
 .debug_frame   0x000004c4       0x20 ./ra_gen/common_data.o
 .debug_frame   0x000004e4       0x28 ./ra_gen/hal_data.o
 .debug_frame   0x0000050c       0x28 ./ra_gen/main.o
 .debug_frame   0x00000534      0x1c8 ./ra/fsp/src/r_sci_uart/r_sci_uart.o
 .debug_frame   0x000006fc      0x13c ./ra/fsp/src/r_ioport/r_ioport.o
 .debug_frame   0x00000838      0x1dc ./ra/fsp/src/r_adc/r_adc.o
 .debug_frame   0x00000a14       0xa8 ./ra/fsp/src/bsp/mcu/all/bsp_clocks.o
 .debug_frame   0x00000abc       0x40 ./ra/fsp/src/bsp/mcu/all/bsp_common.o
 .debug_frame   0x00000afc       0x3c ./ra/fsp/src/bsp/mcu/all/bsp_delay.o
 .debug_frame   0x00000b38       0x40 ./ra/fsp/src/bsp/mcu/all/bsp_group_irq.o
 .debug_frame   0x00000b78       0xc8 ./ra/fsp/src/bsp/mcu/all/bsp_irq.o
 .debug_frame   0x00000c40       0x48 ./ra/fsp/src/bsp/mcu/all/bsp_register_protection.o
 .debug_frame   0x00000c88       0x28 ./ra/fsp/src/bsp/mcu/all/bsp_sbrk.o
 .debug_frame   0x00000cb0       0x38 ./ra/fsp/src/bsp/cmsis/Device/RENESAS/Source/startup.o
 .debug_frame   0x00000ce8       0x40 ./ra/fsp/src/bsp/cmsis/Device/RENESAS/Source/system.o
 .debug_frame   0x00000d28       0x34 c:/program files (x86)/gnu arm embedded toolchain/10 2021.10/bin/../lib/gcc/arm-none-eabi/10.3.1/thumb/v8-m.base/nofp\libgcc.a(_muldi3.o)
 .debug_frame   0x00000d5c       0x20 c:/program files (x86)/gnu arm embedded toolchain/10 2021.10/bin/../lib/gcc/arm-none-eabi/10.3.1/../../../../arm-none-eabi/lib/thumb/v8-m.base/nofp\libg_nano.a(lib_a-errno.o)
 .debug_frame   0x00000d7c       0x40 c:/program files (x86)/gnu arm embedded toolchain/10 2021.10/bin/../lib/gcc/arm-none-eabi/10.3.1/../../../../arm-none-eabi/lib/thumb/v8-m.base/nofp\libg_nano.a(lib_a-malloc.o)
 .debug_frame   0x00000dbc       0x28 c:/program files (x86)/gnu arm embedded toolchain/10 2021.10/bin/../lib/gcc/arm-none-eabi/10.3.1/../../../../arm-none-eabi/lib/thumb/v8-m.base/nofp\libg_nano.a(lib_a-memcpy-stub.o)
 .debug_frame   0x00000de4       0x20 c:/program files (x86)/gnu arm embedded toolchain/10 2021.10/bin/../lib/gcc/arm-none-eabi/10.3.1/../../../../arm-none-eabi/lib/thumb/v8-m.base/nofp\libg_nano.a(lib_a-memset.o)
 .debug_frame   0x00000e04       0x2c c:/program files (x86)/gnu arm embedded toolchain/10 2021.10/bin/../lib/gcc/arm-none-eabi/10.3.1/../../../../arm-none-eabi/lib/thumb/v8-m.base/nofp\libg_nano.a(lib_a-nano-freer.o)
 .debug_frame   0x00000e30       0x50 c:/program files (x86)/gnu arm embedded toolchain/10 2021.10/bin/../lib/gcc/arm-none-eabi/10.3.1/../../../../arm-none-eabi/lib/thumb/v8-m.base/nofp\libg_nano.a(lib_a-nano-mallocr.o)
 .debug_frame   0x00000e80       0x28 c:/program files (x86)/gnu arm embedded toolchain/10 2021.10/bin/../lib/gcc/arm-none-eabi/10.3.1/../../../../arm-none-eabi/lib/thumb/v8-m.base/nofp\libg_nano.a(lib_a-realloc.o)
 .debug_frame   0x00000ea8       0x2c c:/program files (x86)/gnu arm embedded toolchain/10 2021.10/bin/../lib/gcc/arm-none-eabi/10.3.1/../../../../arm-none-eabi/lib/thumb/v8-m.base/nofp\libg_nano.a(lib_a-sbrkr.o)
 .debug_frame   0x00000ed4       0x40 c:/program files (x86)/gnu arm embedded toolchain/10 2021.10/bin/../lib/gcc/arm-none-eabi/10.3.1/../../../../arm-none-eabi/lib/thumb/v8-m.base/nofp\libg_nano.a(lib_a-mlock.o)
 .debug_frame   0x00000f14       0x34 c:/program files (x86)/gnu arm embedded toolchain/10 2021.10/bin/../lib/gcc/arm-none-eabi/10.3.1/../../../../arm-none-eabi/lib/thumb/v8-m.base/nofp\libg_nano.a(lib_a-nano-reallocr.o)
 .debug_frame   0x00000f48       0x48 c:/program files (x86)/gnu arm embedded toolchain/10 2021.10/bin/../lib/gcc/arm-none-eabi/10.3.1/../../../../arm-none-eabi/lib/thumb/v8-m.base/nofp\libg_nano.a(lib_a-reent.o)
 .debug_frame   0x00000f90       0xb0 c:/program files (x86)/gnu arm embedded toolchain/10 2021.10/bin/../lib/gcc/arm-none-eabi/10.3.1/../../../../arm-none-eabi/lib/thumb/v8-m.base/nofp\libg_nano.a(lib_a-lock.o)
 .debug_frame   0x00001040       0x20 c:/program files (x86)/gnu arm embedded toolchain/10 2021.10/bin/../lib/gcc/arm-none-eabi/10.3.1/../../../../arm-none-eabi/lib/thumb/v8-m.base/nofp\libg_nano.a(lib_a-nano-msizer.o)

.debug_loc      0x00000000     0x7d11
 .debug_loc     0x00000000       0x83 ./src/bsp/heartbit.o
 .debug_loc     0x00000083       0x63 ./src/bsp/pressure.o
 .debug_loc     0x000000e6      0x178 ./src/bsp/rs485.o
 .debug_loc     0x0000025e       0xb4 ./src/bsp/timers.o
 .debug_loc     0x00000312     0x390d ./src/adapters/modbus_server.o
 .debug_loc     0x00003c1f       0x42 ./src/hal_entry.o
 .debug_loc     0x00003c61     0x13bb ./ra/fsp/src/r_sci_uart/r_sci_uart.o
 .debug_loc     0x0000501c      0xcbb ./ra/fsp/src/r_ioport/r_ioport.o
 .debug_loc     0x00005cd7     0x1288 ./ra/fsp/src/r_adc/r_adc.o
 .debug_loc     0x00006f5f      0x423 ./ra/fsp/src/bsp/mcu/all/bsp_clocks.o
 .debug_loc     0x00007382       0x25 ./ra/fsp/src/bsp/mcu/all/bsp_common.o
 .debug_loc     0x000073a7      0x185 ./ra/fsp/src/bsp/mcu/all/bsp_delay.o
 .debug_loc     0x0000752c       0xc1 ./ra/fsp/src/bsp/mcu/all/bsp_group_irq.o
 .debug_loc     0x000075ed      0x407 ./ra/fsp/src/bsp/mcu/all/bsp_irq.o
 .debug_loc     0x000079f4      0x110 ./ra/fsp/src/bsp/mcu/all/bsp_register_protection.o
 .debug_loc     0x00007b04       0xf3 ./ra/fsp/src/bsp/mcu/all/bsp_sbrk.o
 .debug_loc     0x00007bf7      0x11a ./ra/fsp/src/bsp/cmsis/Device/RENESAS/Source/system.o
